Product: MDK-ARM Professional 5.10
Component: ARM Compiler 5.04 update 1 (build 49)
Tool: armlink [5040049]

==============================================================================

Section Cross References

    startup_stm32f10x_hd.o(RESET) refers to startup_stm32f10x_hd.o(STACK) for __initial_sp
    startup_stm32f10x_hd.o(RESET) refers to startup_stm32f10x_hd.o(.text) for Reset_Handler
    startup_stm32f10x_hd.o(RESET) refers to stm32f10x_it.o(.text) for NMI_Handler
    startup_stm32f10x_hd.o(RESET) refers to bsp_timer.o(.text) for SysTick_Handler
    startup_stm32f10x_hd.o(RESET) refers to timer.o(.text) for TIM2_IRQHandler
    startup_stm32f10x_hd.o(RESET) refers to remote.o(.text) for TIM4_IRQHandler
    startup_stm32f10x_hd.o(RESET) refers to bsp_uart_fifo.o(.text) for USART1_IRQHandler
    startup_stm32f10x_hd.o(RESET) refers to modbus_uart.o(.text) for USART2_IRQHandler
    startup_stm32f10x_hd.o(.text) refers to system_stm32f10x.o(.text) for SystemInit
    startup_stm32f10x_hd.o(.text) refers to entry.o(.ARM.Collect$$$$00000000) for __main
    system_stm32f10x.o(.text) refers to system_stm32f10x.o(.data) for SystemCoreClock
    stm32f10x_adc.o(.text) refers to stm32f10x_rcc.o(.text) for RCC_APB2PeriphResetCmd
    stm32f10x_bkp.o(.text) refers to stm32f10x_rcc.o(.text) for RCC_BackupResetCmd
    stm32f10x_can.o(.text) refers to stm32f10x_rcc.o(.text) for RCC_APB1PeriphResetCmd
    stm32f10x_cec.o(.text) refers to stm32f10x_rcc.o(.text) for RCC_APB1PeriphResetCmd
    stm32f10x_dac.o(.text) refers to stm32f10x_rcc.o(.text) for RCC_APB1PeriphResetCmd
    stm32f10x_gpio.o(.text) refers to stm32f10x_rcc.o(.text) for RCC_APB2PeriphResetCmd
    stm32f10x_i2c.o(.text) refers to stm32f10x_rcc.o(.text) for RCC_APB1PeriphResetCmd
    stm32f10x_pwr.o(.text) refers to stm32f10x_rcc.o(.text) for RCC_APB1PeriphResetCmd
    stm32f10x_rcc.o(.text) refers to stm32f10x_rcc.o(.data) for APBAHBPrescTable
    stm32f10x_spi.o(.text) refers to stm32f10x_rcc.o(.text) for RCC_APB2PeriphResetCmd
    stm32f10x_tim.o(.text) refers to stm32f10x_rcc.o(.text) for RCC_APB2PeriphResetCmd
    stm32f10x_usart.o(.text) refers to stm32f10x_rcc.o(.text) for RCC_APB2PeriphResetCmd
    stm32f10x_wwdg.o(.text) refers to stm32f10x_rcc.o(.text) for RCC_APB1PeriphResetCmd
    main.o(.text) refers to bsp.o(.text) for bsp_Init
    main.o(.text) refers to processing.o(.text) for reload_para
    main.o(.text) refers to modbus.o(.text) for Mosbus_Event
    main.o(.text) refers to remote.o(.text) for Remote_Scan
    main.o(.text) refers to oled.o(.text) for OLED_Clear
    main.o(.text) refers to bsp_timer.o(.text) for bsp_DelayMS
    main.o(.text) refers to bsp_led.o(.text) for bsp_LedToggle
    main.o(.text) refers to main.o(.data) for function_key_flat
    bsp_led.o(.text) refers to stm32f10x_rcc.o(.text) for RCC_APB2PeriphClockCmd
    bsp_led.o(.text) refers to stm32f10x_gpio.o(.text) for GPIO_Init
    bsp_timer.o(.text) refers to bsp.o(.text) for bsp_RunPer1ms
    bsp_timer.o(.text) refers to printfa.o(i.__0printf) for __2printf
    bsp_timer.o(.text) refers to bsp_timer.o(.bss) for s_tTmr
    bsp_timer.o(.text) refers to system_stm32f10x.o(.data) for SystemCoreClock
    bsp_timer.o(.text) refers to bsp_timer.o(.data) for s_uiDelayCount
    bsp_timer.o(.text) refers to bsp_timer.o(.constdata) for __FUNCTION__
    bsp_tm7705.o(.text) refers to stm32f10x_gpio.o(.text) for GPIO_ReadInputDataBit
    bsp_tm7705.o(.text) refers to printfa.o(i.__0printf) for __2printf
    bsp_tm7705.o(.text) refers to bsp_timer.o(.text) for bsp_DelayMS
    bsp_tm7705.o(.text) refers to stm32f10x_rcc.o(.text) for RCC_APB2PeriphClockCmd
    bsp_uart_fifo.o(.text) refers to misc.o(.text) for NVIC_PriorityGroupConfig
    bsp_uart_fifo.o(.text) refers to stm32f10x_rcc.o(.text) for RCC_APB2PeriphClockCmd
    bsp_uart_fifo.o(.text) refers to stm32f10x_gpio.o(.text) for GPIO_Init
    bsp_uart_fifo.o(.text) refers to stm32f10x_usart.o(.text) for USART_Init
    bsp_uart_fifo.o(.text) refers to printfa.o(i.__0printf) for __2printf
    bsp_uart_fifo.o(.text) refers to main.o(.data) for Reg
    bsp_uart_fifo.o(.text) refers to bsp_uart_fifo.o(.conststring) for .conststring
    bsp_uart_fifo.o(.text) refers to bsp_uart_fifo.o(.bss) for g_tUart1
    bsp.o(.text) refers to bsp_uart_fifo.o(.text) for bsp_InitUart
    bsp.o(.text) refers to bsp_timer.o(.text) for bsp_InitTimer
    bsp.o(.text) refers to bsp_led.o(.text) for bsp_InitLed
    bsp.o(.text) refers to remote.o(.text) for Remote_Init
    bsp.o(.text) refers to bsp_i2c_ee.o(.text) for I2C_EE_Init
    bsp.o(.text) refers to oled.o(.text) for OLED_Init
    bsp.o(.text) refers to bsp_tm7705.o(.text) for bsp_InitTM7705
    bsp.o(.text) refers to ds18b20.o(.text) for DS18B20_Init
    bsp.o(.text) refers to timer.o(.text) for Timer2_Init
    bsp.o(.text) refers to modbus.o(.text) for Mosbus_Init
    bsp.o(.text) refers to bsp_iwdg.o(.text) for Reset_wdd
    modbus.o(.text) refers to modbus_uart.o(.text) for RS485_Init
[...]
    ../fplib/microlib/f2d.c                  0x00000000   Number         0  f2d.o ABSOLUTE
    ../fplib/microlib/fpadd.c                0x00000000   Number         0  dadd.o ABSOLUTE
    ../fplib/microlib/fpadd.c                0x00000000   Number         0  fadd.o ABSOLUTE
    ../fplib/microlib/fpdiv.c                0x00000000   Number         0  fdiv.o ABSOLUTE
    ../fplib/microlib/fpdiv.c                0x00000000   Number         0  ddiv.o ABSOLUTE
    ../fplib/microlib/fpepilogue.c           0x00000000   Number         0  depilogue.o ABSOLUTE
    ../fplib/microlib/fpepilogue.c           0x00000000   Number         0  fepilogue.o ABSOLUTE
    ../fplib/microlib/fpfix.c                0x00000000   Number         0  dfixi.o ABSOLUTE
    ../fplib/microlib/fpfix.c                0x00000000   Number         0  ffixui.o ABSOLUTE
    ../fplib/microlib/fpfix.c                0x00000000   Number         0  ffixi.o ABSOLUTE
    ../fplib/microlib/fpfix.c                0x00000000   Number         0  dfixul.o ABSOLUTE
    ../fplib/microlib/fpflt.c                0x00000000   Number         0  ffltui.o ABSOLUTE
    ../fplib/microlib/fpflt.c                0x00000000   Number         0  dfltul.o ABSOLUTE
    ../fplib/microlib/fpflt.c                0x00000000   Number         0  fflti.o ABSOLUTE
    ../fplib/microlib/fpmul.c                0x00000000   Number         0  dmul.o ABSOLUTE
    ../fplib/microlib/fpmul.c                0x00000000   Number         0  fmul.o ABSOLUTE
    ../mathlib/atof.c                        0x00000000   Number         0  atof.o ABSOLUTE
    ..\..\Libraries\CMSIS\core_cm3.c         0x00000000   Number         0  core_cm3.o ABSOLUTE
    ..\..\Libraries\CMSIS\startup\startup_stm32f10x_hd.s 0x00000000   Number         0  startup_stm32f10x_hd.o ABSOLUTE
    ..\..\Libraries\CMSIS\system_stm32f10x.c 0x00000000   Number         0  system_stm32f10x.o ABSOLUTE
    ..\..\Libraries\FWlib\src\misc.c         0x00000000   Number         0  misc.o ABSOLUTE
    ..\..\Libraries\FWlib\src\stm32f10x_adc.c 0x00000000   Number         0  stm32f10x_adc.o ABSOLUTE
    ..\..\Libraries\FWlib\src\stm32f10x_bkp.c 0x00000000   Number         0  stm32f10x_bkp.o ABSOLUTE
    ..\..\Libraries\FWlib\src\stm32f10x_can.c 0x00000000   Number         0  stm32f10x_can.o ABSOLUTE
    ..\..\Libraries\FWlib\src\stm32f10x_cec.c 0x00000000   Number         0  stm32f10x_cec.o ABSOLUTE
    ..\..\Libraries\FWlib\src\stm32f10x_crc.c 0x00000000   Number         0  stm32f10x_crc.o ABSOLUTE
    ..\..\Libraries\FWlib\src\stm32f10x_dac.c 0x00000000   Number         0  stm32f10x_dac.o ABSOLUTE
    ..\..\Libraries\FWlib\src\stm32f10x_dbgmcu.c 0x00000000   Number         0  stm32f10x_dbgmcu.o ABSOLUTE
    ..\..\Libraries\FWlib\src\stm32f10x_dma.c 0x00000000   Number         0  stm32f10x_dma.o ABSOLUTE
    ..\..\Libraries\FWlib\src\stm32f10x_exti.c 0x00000000   Number         0  stm32f10x_exti.o ABSOLUTE
    ..\..\Libraries\FWlib\src\stm32f10x_flash.c 0x00000000   Number         0  stm32f10x_flash.o ABSOLUTE
    ..\..\Libraries\FWlib\src\stm32f10x_fsmc.c 0x00000000   Number         0  stm32f10x_fsmc.o ABSOLUTE
    ..\..\Libraries\FWlib\src\stm32f10x_gpio.c 0x00000000   Number         0  stm32f10x_gpio.o ABSOLUTE
    ..\..\Libraries\FWlib\src\stm32f10x_i2c.c 0x00000000   Number         0  stm32f10x_i2c.o ABSOLUTE
    ..\..\Libraries\FWlib\src\stm32f10x_iwdg.c 0x00000000   Number         0  stm32f10x_iwdg.o ABSOLUTE
    ..\..\Libraries\FWlib\src\stm32f10x_pwr.c 0x00000000   Number         0  stm32f10x_pwr.o ABSOLUTE
    ..\..\Libraries\FWlib\src\stm32f10x_rcc.c 0x00000000   Number         0  stm32f10x_rcc.o ABSOLUTE
    ..\..\Libraries\FWlib\src\stm32f10x_rtc.c 0x00000000   Number         0  stm32f10x_rtc.o ABSOLUTE
    ..\..\Libraries\FWlib\src\stm32f10x_sdio.c 0x00000000   Number         0  stm32f10x_sdio.o ABSOLUTE
    ..\..\Libraries\FWlib\src\stm32f10x_spi.c 0x00000000   Number         0  stm32f10x_spi.o ABSOLUTE
    ..\..\Libraries\FWlib\src\stm32f10x_tim.c 0x00000000   Number         0  stm32f10x_tim.o ABSOLUTE
    ..\..\Libraries\FWlib\src\stm32f10x_usart.c 0x00000000   Number         0  stm32f10x_usart.o ABSOLUTE
    ..\..\Libraries\FWlib\src\stm32f10x_wwdg.c 0x00000000   Number         0  stm32f10x_wwdg.o ABSOLUTE
    ..\..\User\ModbusRTU\MODBUSCRC\ModbusCRC.c 0x00000000   Number         0  modbuscrc.o ABSOLUTE
    ..\..\User\ModbusRTU\MODBUS\modbus.c     0x00000000   Number         0  modbus.o ABSOLUTE
    ..\..\User\ModbusRTU\MODBUS\modbus_uart.c 0x00000000   Number         0  modbus_uart.o ABSOLUTE
    ..\..\User\ModbusRTU\TIME\timer.c        0x00000000   Number         0  timer.o ABSOLUTE
    ..\..\User\iwdg\bsp_iwdg.c               0x00000000   Number         0  bsp_iwdg.o ABSOLUTE
    ..\..\User\main.c                        0x00000000   Number         0  main.o ABSOLUTE
    ..\..\User\stm32f10x_it.c                0x00000000   Number         0  stm32f10x_it.o ABSOLUTE
    ..\..\User\usart\bsp.c                   0x00000000   Number         0  bsp.o ABSOLUTE
    ..\..\User\usart\bsp_i2c_ee.c            0x00000000   Number         0  bsp_i2c_ee.o ABSOLUTE
    ..\..\User\usart\bsp_led.c               0x00000000   Number         0  bsp_led.o ABSOLUTE
    ..\..\User\usart\bsp_timer.c             0x00000000   Number         0  bsp_timer.o ABSOLUTE
    ..\..\User\usart\bsp_tm7705.c            0x00000000   Number         0  bsp_tm7705.o ABSOLUTE
    ..\..\User\usart\bsp_uart_fifo.c         0x00000000   Number         0  bsp_uart_fifo.o ABSOLUTE
    ..\..\User\usart\ds18b20.c               0x00000000   Number         0  ds18b20.o ABSOLUTE
    ..\..\User\usart\oled.c                  0x00000000   Number         0  oled.o ABSOLUTE
    ..\..\User\usart\processing.c            0x00000000   Number         0  processing.o ABSOLUTE
    ..\..\User\usart\remote.c                0x00000000   Number         0  remote.o ABSOLUTE
    ..\..\User\usart\sys.c                   0x00000000   Number         0  sys.o ABSOLUTE
    ..\\..\\Libraries\\CMSIS\\core_cm3.c     0x00000000   Number         0  core_cm3.o ABSOLUTE
    ..\\..\\User\\usart\\sys.c               0x00000000   Number         0  sys.o ABSOLUTE
    cdrcmple.s                               0x00000000   Number         0  cdrcmple.o ABSOLUTE
    cfcmple.s                                0x00000000   Number         0  cfcmple.o ABSOLUTE
    cfrcmple.s                               0x00000000   Number         0  cfrcmple.o ABSOLUTE
    dc.s                                     0x00000000   Number         0  dc.o ABSOLUTE
    handlers.s                               0x00000000   Number         0  handlers.o ABSOLUTE
    init.s                                   0x00000000   Number         0  init.o ABSOLUTE
    RESET                                    0x08000000   Section      304  startup_stm32f10x_hd.o(RESET)
    .ARM.Collect$$$$00000000                 0x08000130   Section        0  entry.o(.ARM.Collect$$$$00000000)
    .ARM.Collect$$$$00000001                 0x08000130   Section        4  entry2.o(.ARM.Collect$$$$00000001)
    .ARM.Collect$$$$00000004                 0x08000134   Section        4  entry5.o(.ARM.Collect$$$$00000004)
    .ARM.Collect$$$$00000008                 0x08000138   Section        0  entry7b.o(.ARM.Collect$$$$00000008)
    .ARM.Collect$$$$0000000A                 0x08000138   Section        0  entry8b.o(.ARM.Collect$$$$0000000A)
    .ARM.Collect$$$$0000000B                 0x08000138   Section        8  entry9a.o(.ARM.Collect$$$$0000000B)
    .ARM.Collect$$$$0000000D                 0x08000140   Section        0  entry10a.o(.ARM.Collect$$$$0000000D)
    .ARM.Collect$$$$0000000F                 0x08000140   Section        0  entry11a.o(.ARM.Collect$$$$0000000F)
    .ARM.Collect$$$$00002712                 0x08000140   Section        4  entry2.o(.ARM.Collect$$$$00002712)
    __lit__00000000                          0x08000140   Data           4  entry2.o(.ARM.Collect$$$$00002712)
    .text                                    0x08000144   Section       36  startup_stm32f10x_hd.o(.text)
    .text                                    0x08000168   Section        0  system_stm32f10x.o(.text)
    SetSysClockTo72                          0x08000169   Thumb Code   214  system_stm32f10x.o(.text)
    SetSysClock                              0x0800023f   Thumb Code     8  system_stm32f10x.o(.text)
    .text                                    0x08000348   Section        0  misc.o(.text)
    .text                                    0x08000424   Section        0  stm32f10x_gpio.o(.text)
    .text                                    0x08000780   Section        0  stm32f10x_i2c.o(.text)
    .text                                    0x08000b84   Section        0  stm32f10x_iwdg.o(.text)
    .text                                    0x08000bc4   Section        0  stm32f10x_rcc.o(.text)
    .text                                    0x08000f68   Section        0  stm32f10x_tim.o(.text)
    TI4_Config                               0x0800140f   Thumb Code   130  stm32f10x_tim.o(.text)
    TI3_Config                               0x080014a3   Thumb Code   122  stm32f10x_tim.o(.text)
    TI2_Config                               0x08001537   Thumb Code   130  stm32f10x_tim.o(.text)
    TI1_Config                               0x080015cb   Thumb Code   108  stm32f10x_tim.o(.text)
    .text                                    0x08001d84   Section        0  stm32f10x_usart.o(.text)
    .text                                    0x0800218c   Section        0  main.o(.text)
    .text                                    0x080022b0   Section        0  stm32f10x_it.o(.text)
    .text                                    0x080022c8   Section        0  bsp_led.o(.text)
    .text                                    0x08002450   Section        0  bsp_timer.o(.text)
    bsp_SoftTimerDec                         0x080024db   Thumb Code    28  bsp_timer.o(.text)
    __set_PRIMASK                            0x0800271f   Thumb Code     6  bsp_timer.o(.text)
    .text                                    0x08002794   Section        0  bsp_tm7705.o(.text)
    TM7705_WaitDRDY                          0x08002795   Thumb Code    54  bsp_tm7705.o(.text)
    TM7705_Delay                             0x080027cb   Thumb Code    14  bsp_tm7705.o(.text)
    TM7705_Send8Bit                          0x080027d9   Thumb Code    78  bsp_tm7705.o(.text)
    TM7705_WriteByte                         0x08002827   Thumb Code    32  bsp_tm7705.o(.text)
    TM7705_SyncSPI                           0x080028ad   Thumb Code    48  bsp_tm7705.o(.text)
    TM7705_ResetHard                         0x080028dd   Thumb Code    46  bsp_tm7705.o(.text)
    TM7705_Recive8Bit                        0x080029d5   Thumb Code    70  bsp_tm7705.o(.text)
    TM7705_Write3Byte                        0x08002a1b   Thumb Code    48  bsp_tm7705.o(.text)
    TM7705_ReadByte                          0x08002a4b   Thumb Code    32  bsp_tm7705.o(.text)
    TM7705_Read2Byte                         0x08002a6b   Thumb Code    48  bsp_tm7705.o(.text)
    TM7705_Read3Byte                         0x08002a9b   Thumb Code    48  bsp_tm7705.o(.text)
    .text                                    0x08002c74   Section        0  bsp_uart_fifo.o(.text)
    ConfigUartNVIC                           0x08002c75   Thumb Code    42  bsp_uart_fifo.o(.text)
    InitHardUart                             0x08002c9f   Thumb Code   140  bsp_uart_fifo.o(.text)
    UartVarInit                              0x08002dc9   Thumb Code    48  bsp_uart_fifo.o(.text)
    UartSend                                 0x08002e3d   Thumb Code   114  bsp_uart_fifo.o(.text)
    UartGetChar                              0x08002eed   Thumb Code    74  bsp_uart_fifo.o(.text)
    UartIRQ                                  0x08002fad   Thumb Code   760  bsp_uart_fifo.o(.text)
    __set_PRIMASK                            0x080032d9   Thumb Code     6  bsp_uart_fifo.o(.text)
    .text                                    0x080032e4   Section        0  bsp.o(.text)
    .text                                    0x080035f8   Section        0  modbus.o(.text)
    .text                                    0x080038d4   Section        0  modbus_uart.o(.text)
    .text                                    0x08003a04   Section        0  modbuscrc.o(.text)
    .text                                    0x08003a3c   Section        0  timer.o(.text)
    .text                                    0x08003b1c   Section        0  bsp_iwdg.o(.text)
    .text                                    0x08003b64   Section        0  ds18b20.o(.text)
    .text                                    0x08003dd0   Section        0  oled.o(.text)
    .text                                    0x0800442c   Section        0  remote.o(.text)
    .text                                    0x080046e0   Section        0  processing.o(.text)
    .text                                    0x08005a1c   Section        0  bsp_i2c_ee.o(.text)
    I2C_GPIO_Config                          0x08005a1d   Thumb Code    72  bsp_i2c_ee.o(.text)
    I2C_Mode_Configu                         0x08005a65   Thumb Code    58  bsp_i2c_ee.o(.text)
    I2C_TIMEOUT_UserCallback                 0x08005af9   Thumb Code    16  bsp_i2c_ee.o(.text)
    .text                                    0x0800603c   Section        0  strlen.o(.text)
    .text                                    0x0800604a   Section        0  fadd.o(.text)
    .text                                    0x080060fa   Section        0  fmul.o(.text)
    .text                                    0x0800615e   Section        0  fdiv.o(.text)
    .text                                    0x080061da   Section        0  dmul.o(.text)
    .text                                    0x080062be   Section        0  fflti.o(.text)
    .text                                    0x080062d0   Section        0  ffltui.o(.text)
    .text                                    0x080062da   Section        0  ffixi.o(.text)
    .text                                    0x0800630c   Section        0  ffixui.o(.text)
    .text                                    0x08006334   Section        0  dfixi.o(.text)
    .text                                    0x08006372   Section        0  f2d.o(.text)
    .text                                    0x08006398   Section        0  d2f.o(.text)
    .text                                    0x080063d0   Section       20  cfcmple.o(.text)
    .text                                    0x080063e4   Section       20  cfrcmple.o(.text)
    .text                                    0x080063f8   Section        0  uidiv.o(.text)
    .text                                    0x08006424   Section        0  uldiv.o(.text)
    .text                                    0x08006486   Section        0  llushr.o(.text)
    .text                                    0x080064a8   Section        0  strtod.o(.text)
    _local_sscanf                            0x080064a9   Thumb Code    54  strtod.o(.text)
    .text                                    0x08006544   Section        0  iusefp.o(.text)
    .text                                    0x08006544   Section        0  fepilogue.o(.text)
    .text                                    0x080065b2   Section        0  depilogue.o(.text)
    .text                                    0x08006668   Section        0  dadd.o(.text)
    .text                                    0x080067b6   Section        0  ddiv.o(.text)
    .text                                    0x08006894   Section        0  dfixul.o(.text)
    .text                                    0x080068c4   Section       40  cdrcmple.o(.text)
    .text                                    0x080068ec   Section       36  init.o(.text)
    .text                                    0x08006910   Section        0  llshl.o(.text)
    .text                                    0x0800692e   Section        0  llsshr.o(.text)
    .text                                    0x08006952   Section        0  isspace_c.o(.text)
    .text                                    0x0800695c   Section        0  scanf_fp.o(.text)
    _fp_value                                0x0800695d   Thumb Code   256  scanf_fp.o(.text)
    .text                                    0x08006c94   Section        0  _sgetc.o(.text)
    .text                                    0x08006cd4   Section        0  ctype_c.o(.text)
    .text                                    0x08006cfc   Section        0  dfltul.o(.text)
    .text                                    0x08006d14   Section        0  __dclz77c.o(.text)
    i.__0printf                              0x08006d74   Section        0  printfa.o(i.__0printf)
    i.__0sprintf                             0x08006d94   Section        0  printfa.o(i.__0sprintf)
    i.__read_errno                           0x08006dbc   Section        0  errno.o(i.__read_errno)
    i.__scatterload_copy                     0x08006dc8   Section       14  handlers.o(i.__scatterload_copy)
    i.__scatterload_null                     0x08006dd6   Section        2  handlers.o(i.__scatterload_null)
    i.__scatterload_zeroinit                 0x08006dd8   Section       14  handlers.o(i.__scatterload_zeroinit)
    i.__set_errno                            0x08006de8   Section        0  errno.o(i.__set_errno)
    i._fp_digits                             0x08006df4   Section        0  printfa.o(i._fp_digits)
    _fp_digits                               0x08006df5   Thumb Code   334  printfa.o(i._fp_digits)
    i._is_digit                              0x08006f58   Section        0  scanf_fp.o(i._is_digit)
    i._printf_core                           0x08006f68   Section        0  printfa.o(i._printf_core)
    _printf_core                             0x08006f69   Thumb Code  1744  printfa.o(i._printf_core)
    i._printf_post_padding                   0x08007644   Section        0  printfa.o(i._printf_post_padding)
    _printf_post_padding                     0x08007645   Thumb Code    36  printfa.o(i._printf_post_padding)
    i._printf_pre_padding                    0x08007668   Section        0  printfa.o(i._printf_pre_padding)
    _printf_pre_padding                      0x08007669   Thumb Code    46  printfa.o(i._printf_pre_padding)
    i._sputc                                 0x08007696   Section        0  printfa.o(i._sputc)
    _sputc                                   0x08007697   Thumb Code    10  printfa.o(i._sputc)
    i.atof                                   0x080076a0   Section        0  atof.o(i.atof)
    .constdata                               0x080076ca   Section       48  bsp_timer.o(.constdata)
    __FUNCTION__                             0x080076ca   Data          15  bsp_timer.o(.constdata)
    __FUNCTION__                             0x080076d9   Data          19  bsp_timer.o(.constdata)
    __FUNCTION__                             0x080076ec   Data          14  bsp_timer.o(.constdata)
    .constdata                               0x080076fa   Section      512  modbuscrc.o(.constdata)
    .constdata                               0x080078fa   Section     2072  oled.o(.constdata)
    .constdata                               0x08008114   Section       88  processing.o(.constdata)
    .constdata                               0x0800816c   Section       64  ctype_c.o(.constdata)
    .conststring                             0x080081ac   Section      176  bsp_uart_fifo.o(.conststring)
    .conststring                             0x0800825c   Section       80  processing.o(.conststring)
    .data                                    0x20000000   Section       20  system_stm32f10x.o(.data)
    .data                                    0x20000014   Section       20  stm32f10x_rcc.o(.data)
    APBAHBPrescTable                         0x20000014   Data          16  stm32f10x_rcc.o(.data)
    ADCPrescTable                            0x20000024   Data           4  stm32f10x_rcc.o(.data)
    .data                                    0x20000028   Section       42  main.o(.data)
    .data                                    0x20000054   Section       13  bsp_timer.o(.data)
    s_uiDelayCount                           0x20000054   Data           4  bsp_timer.o(.data)
    s_ucTimeOutFlag                          0x20000058   Data           1  bsp_timer.o(.data)
    s_count                                  0x20000060   Data           1  bsp_timer.o(.data)
    .data                                    0x20000061   Section      768  oled.o(.data)
    .data                                    0x20000364   Section        9  remote.o(.data)
    .data                                    0x20000370   Section       28  processing.o(.data)
    para                                     0x20000384   Data           8  processing.o(.data)
    .data                                    0x2000038c   Section        8  bsp_i2c_ee.o(.data)
    I2CTimeout                               0x20000390   Data           4  bsp_i2c_ee.o(.data)
    .data                                    0x20000394   Section        4  stdout.o(.data)
    .data                                    0x20000398   Section        4  errno.o(.data)
    _errno                                   0x20000398   Data           4  errno.o(.data)
    .bss                                     0x2000039c   Section     2208  main.o(.bss)
    g_tUart1                                 0x2000039c   Data          40  main.o(.bss)
    g_TxBuf1                                 0x200003c4   Data        1024  main.o(.bss)
    g_RxBuf1                                 0x200007c4   Data        1024  main.o(.bss)
    .bss                                     0x20000c3c   Section     2136  bsp_timer.o(.bss)
    g_tUart1                                 0x20000c3c   Data          40  bsp_timer.o(.bss)
    g_TxBuf1                                 0x20000c64   Data        1024  bsp_timer.o(.bss)
    g_RxBuf1                                 0x20001064   Data        1024  bsp_timer.o(.bss)
    s_tTmr                                   0x20001464   Data          48  bsp_timer.o(.bss)
    .bss                                     0x20001494   Section     2088  bsp_uart_fifo.o(.bss)
    g_tUart1                                 0x20001494   Data          40  bsp_uart_fifo.o(.bss)
    g_TxBuf1                                 0x200014bc   Data        1024  bsp_uart_fifo.o(.bss)
    g_RxBuf1                                 0x200018bc   Data        1024  bsp_uart_fifo.o(.bss)
    .bss                                     0x20001cbc   Section     2296  modbus.o(.bss)
    g_tUart1                                 0x20001cbc   Data          40  modbus.o(.bss)
    g_TxBuf1                                 0x20001ce4   Data        1024  modbus.o(.bss)
    g_RxBuf1                                 0x200020e4   Data        1024  modbus.o(.bss)
    .bss                                     0x200025b4   Section     2124  processing.o(.bss)
    g_tUart1                                 0x200025b4   Data          40  processing.o(.bss)
    g_TxBuf1                                 0x200025dc   Data        1024  processing.o(.bss)
    g_RxBuf1                                 0x200029dc   Data        1024  processing.o(.bss)
    para                                     0x20002de8   Data          24  processing.o(.bss)
    STACK                                    0x20002e00   Section     1024  startup_stm32f10x_hd.o(STACK)

    Global Symbols

    Symbol Name                              Value     Ov Type        Size  Object(Section)

    BuildAttributes$$THM_ISAv4$P$D$K$B$S$PE$A:L22UL41UL21$X:L11$S22US41US21$IEEE1$IW$USESV6$~STKCKD$USESV7$~SHL$OTIME$ROPI$IEEEJ$EBA8$MICROLIB$REQ8$PRES8$EABIv2 0x00000000   Number         0  anon$$obj.o ABSOLUTE
    __ARM_use_no_argv                        0x00000000   Number         0  main.o ABSOLUTE
    _printf_a                                0x00000000   Number         0  stubs.o ABSOLUTE
    _printf_c                                0x00000000   Number         0  stubs.o ABSOLUTE
    _printf_charcount                        0x00000000   Number         0  stubs.o ABSOLUTE
    _printf_d                                0x00000000   Number         0  stubs.o ABSOLUTE
    _printf_e                                0x00000000   Number         0  stubs.o ABSOLUTE
    _printf_f                                0x00000000   Number         0  stubs.o ABSOLUTE
    _printf_flags                            0x00000000   Number         0  stubs.o ABSOLUTE
    _printf_fp_dec                           0x00000000   Number         0  stubs.o ABSOLUTE
    _printf_fp_hex                           0x00000000   Number         0  stubs.o ABSOLUTE
    _printf_g                                0x00000000   Number         0  stubs.o ABSOLUTE
    _printf_i                                0x00000000   Number         0  stubs.o ABSOLUTE
    _printf_int_dec                          0x00000000   Number         0  stubs.o ABSOLUTE
    _printf_l                                0x00000000   Number         0  stubs.o ABSOLUTE
    _printf_lc                               0x00000000   Number         0  stubs.o ABSOLUTE
    _printf_ll                               0x00000000   Number         0  stubs.o ABSOLUTE
    _printf_lld                              0x00000000   Number         0  stubs.o ABSOLUTE
    _printf_lli                              0x00000000   Number         0  stubs.o ABSOLUTE
    _printf_llo                              0x00000000   Number         0  stubs.o ABSOLUTE
    _printf_llu                              0x00000000   Number         0  stubs.o ABSOLUTE
    _printf_llx                              0x00000000   Number         0  stubs.o ABSOLUTE
    _printf_longlong_dec                     0x00000000   Number         0  stubs.o ABSOLUTE
    _printf_longlong_hex                     0x00000000   Number         0  stubs.o ABSOLUTE
    _printf_longlong_oct                     0x00000000   Number         0  stubs.o ABSOLUTE
    _printf_ls                               0x00000000   Number         0  stubs.o ABSOLUTE
    _printf_mbtowc                           0x00000000   Number         0  stubs.o ABSOLUTE
    _printf_n                                0x00000000   Number         0  stubs.o ABSOLUTE
    _printf_o                                0x00000000   Number         0  stubs.o ABSOLUTE
    _printf_p                                0x00000000   Number         0  stubs.o ABSOLUTE
    _printf_percent                          0x00000000   Number         0  stubs.o ABSOLUTE
    _printf_pre_padding                      0x00000000   Number         0  stubs.o ABSOLUTE
    _printf_return_value                     0x00000000   Number         0  stubs.o ABSOLUTE
    _printf_s                                0x00000000   Number         0  stubs.o ABSOLUTE
    _printf_sizespec                         0x00000000   Number         0  stubs.o ABSOLUTE
    _printf_str                              0x00000000   Number         0  stubs.o ABSOLUTE
    _printf_truncate_signed                  0x00000000   Number         0  stubs.o ABSOLUTE
    _printf_truncate_unsigned                0x00000000   Number         0  stubs.o ABSOLUTE
    _printf_u                                0x00000000   Number         0  stubs.o ABSOLUTE
    _printf_wc                               0x00000000   Number         0  stubs.o ABSOLUTE
    _printf_wctomb                           0x00000000   Number         0  stubs.o ABSOLUTE
    _printf_widthprec                        0x00000000   Number         0  stubs.o ABSOLUTE
    _printf_x                                0x00000000   Number         0  stubs.o ABSOLUTE
    __cpp_initialize__aeabi_                  - Undefined Weak Reference
    __cxa_finalize                            - Undefined Weak Reference
    _clock_init                               - Undefined Weak Reference
    _microlib_exit                            - Undefined Weak Reference
    __Vectors_Size                           0x00000130   Number         0  startup_stm32f10x_hd.o ABSOLUTE
    __Vectors                                0x08000000   Data           4  startup_stm32f10x_hd.o(RESET)
    __Vectors_End                            0x08000130   Data           0  startup_stm32f10x_hd.o(RESET)
    __main                                   0x08000131   Thumb Code     0  entry.o(.ARM.Collect$$$$00000000)
    _main_stk                                0x08000131   Thumb Code     0  entry2.o(.ARM.Collect$$$$00000001)
    _main_scatterload                        0x08000135   Thumb Code     0  entry5.o(.ARM.Collect$$$$00000004)
    __main_after_scatterload                 0x08000139   Thumb Code     0  entry5.o(.ARM.Collect$$$$00000004)
    _main_clock                              0x08000139   Thumb Code     0  entry7b.o(.ARM.Collect$$$$00000008)
    _main_cpp_init                           0x08000139   Thumb Code     0  entry8b.o(.ARM.Collect$$$$0000000A)
    _main_init                               0x08000139   Thumb Code     0  entry9a.o(.ARM.Collect$$$$0000000B)
    __rt_final_cpp                           0x08000141   Thumb Code     0  entry10a.o(.ARM.Collect$$$$0000000D)
    __rt_final_exit                          0x08000141   Thumb Code     0  entry11a.o(.ARM.Collect$$$$0000000F)
    Reset_Handler                            0x08000145   Thumb Code     8  startup_stm32f10x_hd.o(.text)
    ADC1_2_IRQHandler                        0x0800015f   Thumb Code     0  startup_stm32f10x_hd.o(.text)
    ADC3_IRQHandler                          0x0800015f   Thumb Code     0  startup_stm32f10x_hd.o(.text)
    CAN1_RX1_IRQHandler                      0x0800015f   Thumb Code     0  startup_stm32f10x_hd.o(.text)
    CAN1_SCE_IRQHandler                      0x0800015f   Thumb Code     0  startup_stm32f10x_hd.o(.text)
    DMA1_Channel1_IRQHandler                 0x0800015f   Thumb Code     0  startup_stm32f10x_hd.o(.text)
    DMA1_Channel2_IRQHandler                 0x0800015f   Thumb Code     0  startup_stm32f10x_hd.o(.text)
    DMA1_Channel3_IRQHandler                 0x0800015f   Thumb Code     0  startup_stm32f10x_hd.o(.text)
    DMA1_Channel4_IRQHandler                 0x0800015f   Thumb Code     0  startup_stm32f10x_hd.o(.text)
    DMA1_Channel5_IRQHandler                 0x0800015f   Thumb Code     0  startup_stm32f10x_hd.o(.text)
    DMA1_Channel6_IRQHandler                 0x0800015f   Thumb Code     0  startup_stm32f10x_hd.o(.text)
    DMA1_Channel7_IRQHandler                 0x0800015f   Thumb Code     0  startup_stm32f10x_hd.o(.text)
    DMA2_Channel1_IRQHandler                 0x0800015f   Thumb Code     0  startup_stm32f10x_hd.o(.text)
    DMA2_Channel2_IRQHandler                 0x0800015f   Thumb Code     0  startup_stm32f10x_hd.o(.text)
    DMA2_Channel3_IRQHandler                 0x0800015f   Thumb Code     0  startup_stm32f10x_hd.o(.text)
    DMA2_Channel4_5_IRQHandler               0x0800015f   Thumb Code     0  startup_stm32f10x_hd.o(.text)
    EXTI0_IRQHandler                         0x0800015f   Thumb Code     0  startup_stm32f10x_hd.o(.text)
    EXTI15_10_IRQHandler                     0x0800015f   Thumb Code     0  startup_stm32f10x_hd.o(.text)
    EXTI1_IRQHandler                         0x0800015f   Thumb Code     0  startup_stm32f10x_hd.o(.text)
    EXTI2_IRQHandler                         0x0800015f   Thumb Code     0  startup_stm32f10x_hd.o(.text)
    EXTI3_IRQHandler                         0x0800015f   Thumb Code     0  startup_stm32f10x_hd.o(.text)
    EXTI4_IRQHandler                         0x0800015f   Thumb Code     0  startup_stm32f10x_hd.o(.text)
    EXTI9_5_IRQHandler                       0x0800015f   Thumb Code     0  startup_stm32f10x_hd.o(.text)
    FLASH_IRQHandler                         0x0800015f   Thumb Code     0  startup_stm32f10x_hd.o(.text)
    FSMC_IRQHandler                          0x0800015f   Thumb Code     0  startup_stm32f10x_hd.o(.text)
    I2C1_ER_IRQHandler                       0x0800015f   Thumb Code     0  startup_stm32f10x_hd.o(.text)
    I2C1_EV_IRQHandler                       0x0800015f   Thumb Code     0  startup_stm32f10x_hd.o(.text)
    I2C2_ER_IRQHandler                       0x0800015f   Thumb Code     0  startup_stm32f10x_hd.o(.text)
    I2C2_EV_IRQHandler                       0x0800015f   Thumb Code     0  startup_stm32f10x_hd.o(.text)
    PVD_IRQHandler                           0x0800015f   Thumb Code     0  startup_stm32f10x_hd.o(.text)
    RCC_IRQHandler                           0x0800015f   Thumb Code     0  startup_stm32f10x_hd.o(.text)
    RTCAlarm_IRQHandler                      0x0800015f   Thumb Code     0  startup_stm32f10x_hd.o(.text)
    RTC_IRQHandler                           0x0800015f   Thumb Code     0  startup_stm32f10x_hd.o(.text)
    SDIO_IRQHandler                          0x0800015f   Thumb Code     0  startup_stm32f10x_hd.o(.text)
    SPI1_IRQHandler                          0x0800015f   Thumb Code     0  startup_stm32f10x_hd.o(.text)
    SPI2_IRQHandler                          0x0800015f   Thumb Code     0  startup_stm32f10x_hd.o(.text)
    SPI3_IRQHandler                          0x0800015f   Thumb Code     0  startup_stm32f10x_hd.o(.text)
    TAMPER_IRQHandler                        0x0800015f   Thumb Code     0  startup_stm32f10x_hd.o(.text)
    TIM1_BRK_IRQHandler                      0x0800015f   Thumb Code     0  startup_stm32f10x_hd.o(.text)
    TIM1_CC_IRQHandler                       0x0800015f   Thumb Code     0  startup_stm32f10x_hd.o(.text)
    TIM1_TRG_COM_IRQHandler                  0x0800015f   Thumb Code     0  startup_stm32f10x_hd.o(.text)
    TIM1_UP_IRQHandler                       0x0800015f   Thumb Code     0  startup_stm32f10x_hd.o(.text)
    TIM3_IRQHandler                          0x0800015f   Thumb Code     0  startup_stm32f10x_hd.o(.text)
    TIM5_IRQHandler                          0x0800015f   Thumb Code     0  startup_stm32f10x_hd.o(.text)
    TIM6_IRQHandler                          0x0800015f   Thumb Code     0  startup_stm32f10x_hd.o(.text)
    TIM7_IRQHandler                          0x0800015f   Thumb Code     0  startup_stm32f10x_hd.o(.text)
    TIM8_BRK_IRQHandler                      0x0800015f   Thumb Code     0  startup_stm32f10x_hd.o(.text)
    TIM8_CC_IRQHandler                       0x0800015f   Thumb Code     0  startup_stm32f10x_hd.o(.text)
    TIM8_TRG_COM_IRQHandler                  0x0800015f   Thumb Code     0  startup_stm32f10x_hd.o(.text)
    TIM8_UP_IRQHandler                       0x0800015f   Thumb Code     0  startup_stm32f10x_hd.o(.text)
    UART4_IRQHandler                         0x0800015f   Thumb Code     0  startup_stm32f10x_hd.o(.text)
    UART5_IRQHandler                         0x0800015f   Thumb Code     0  startup_stm32f10x_hd.o(.text)
    USART3_IRQHandler                        0x0800015f   Thumb Code     0  startup_stm32f10x_hd.o(.text)
    USBWakeUp_IRQHandler                     0x0800015f   Thumb Code     0  startup_stm32f10x_hd.o(.text)
    USB_HP_CAN1_TX_IRQHandler                0x0800015f   Thumb Code     0  startup_stm32f10x_hd.o(.text)
    USB_LP_CAN1_RX0_IRQHandler               0x0800015f   Thumb Code     0  startup_stm32f10x_hd.o(.text)
    WWDG_IRQHandler                          0x0800015f   Thumb Code     0  startup_stm32f10x_hd.o(.text)
    SystemInit                               0x08000247   Thumb Code    78  system_stm32f10x.o(.text)
    SystemCoreClockUpdate                    0x08000295   Thumb Code   142  system_stm32f10x.o(.text)
    NVIC_PriorityGroupConfig                 0x08000349   Thumb Code    10  misc.o(.text)
    NVIC_Init                                0x08000353   Thumb Code   100  misc.o(.text)
    NVIC_SetVectorTable                      0x080003b7   Thumb Code    14  misc.o(.text)
    NVIC_SystemLPConfig                      0x080003c5   Thumb Code    34  misc.o(.text)
    SysTick_CLKSourceConfig                  0x080003e7   Thumb Code    40  misc.o(.text)
    GPIO_DeInit                              0x08000425   Thumb Code   172  stm32f10x_gpio.o(.text)
    GPIO_AFIODeInit                          0x080004d1   Thumb Code    20  stm32f10x_gpio.o(.text)
    GPIO_Init                                0x080004e5   Thumb Code   278  stm32f10x_gpio.o(.text)
    GPIO_StructInit                          0x080005fb   Thumb Code    16  stm32f10x_gpio.o(.text)
    GPIO_ReadInputDataBit                    0x0800060b   Thumb Code    18  stm32f10x_gpio.o(.text)
    GPIO_ReadInputData                       0x0800061d   Thumb Code     8  stm32f10x_gpio.o(.text)
    GPIO_ReadOutputDataBit                   0x08000625   Thumb Code    18  stm32f10x_gpio.o(.text)
    GPIO_ReadOutputData                      0x08000637   Thumb Code     8  stm32f10x_gpio.o(.text)
    GPIO_SetBits                             0x0800063f   Thumb Code     4  stm32f10x_gpio.o(.text)
    GPIO_ResetBits                           0x08000643   Thumb Code     4  stm32f10x_gpio.o(.text)
    GPIO_WriteBit                            0x08000647   Thumb Code    10  stm32f10x_gpio.o(.text)
    GPIO_Write                               0x08000651   Thumb Code     4  stm32f10x_gpio.o(.text)
    GPIO_PinLockConfig                       0x08000655   Thumb Code    18  stm32f10x_gpio.o(.text)
    GPIO_EventOutputConfig                   0x08000667   Thumb Code    26  stm32f10x_gpio.o(.text)
    GPIO_EventOutputCmd                      0x08000681   Thumb Code     6  stm32f10x_gpio.o(.text)
    GPIO_PinRemapConfig                      0x08000687   Thumb Code   138  stm32f10x_gpio.o(.text)
    GPIO_EXTILineConfig                      0x08000711   Thumb Code    66  stm32f10x_gpio.o(.text)
    GPIO_ETH_MediaInterfaceConfig            0x08000753   Thumb Code     8  stm32f10x_gpio.o(.text)
    I2C_DeInit                               0x08000781   Thumb Code    50  stm32f10x_i2c.o(.text)
    I2C_Init                                 0x080007b3   Thumb Code   222  stm32f10x_i2c.o(.text)
    I2C_StructInit                           0x08000891   Thumb Code    30  stm32f10x_i2c.o(.text)
    I2C_Cmd                                  0x080008af   Thumb Code    24  stm32f10x_i2c.o(.text)
    I2C_DMACmd                               0x080008c7   Thumb Code    24  stm32f10x_i2c.o(.text)
    I2C_DMALastTransferCmd                   0x080008df   Thumb Code    24  stm32f10x_i2c.o(.text)
    I2C_GenerateSTART                        0x080008f7   Thumb Code    24  stm32f10x_i2c.o(.text)
    I2C_GenerateSTOP                         0x0800090f   Thumb Code    24  stm32f10x_i2c.o(.text)
    I2C_AcknowledgeConfig                    0x08000927   Thumb Code    24  stm32f10x_i2c.o(.text)
    I2C_OwnAddress2Config                    0x0800093f   Thumb Code    22  stm32f10x_i2c.o(.text)
    I2C_DualAddressCmd                       0x08000955   Thumb Code    24  stm32f10x_i2c.o(.text)
    I2C_GeneralCallCmd                       0x0800096d   Thumb Code    24  stm32f10x_i2c.o(.text)
    I2C_ITConfig                             0x08000985   Thumb Code    18  stm32f10x_i2c.o(.text)
    I2C_SendData                             0x08000997   Thumb Code     4  stm32f10x_i2c.o(.text)
    I2C_ReceiveData                          0x0800099b   Thumb Code     8  stm32f10x_i2c.o(.text)
    I2C_Send7bitAddress                      0x080009a3   Thumb Code    18  stm32f10x_i2c.o(.text)
    I2C_ReadRegister                         0x080009b5   Thumb Code    22  stm32f10x_i2c.o(.text)
    I2C_SoftwareResetCmd                     0x080009cb   Thumb Code    22  stm32f10x_i2c.o(.text)
    I2C_NACKPositionConfig                   0x080009e1   Thumb Code    28  stm32f10x_i2c.o(.text)
    I2C_SMBusAlertConfig                     0x080009fd   Thumb Code    28  stm32f10x_i2c.o(.text)
    I2C_TransmitPEC                          0x08000a19   Thumb Code    24  stm32f10x_i2c.o(.text)
    I2C_PECPositionConfig                    0x08000a31   Thumb Code    28  stm32f10x_i2c.o(.text)
    I2C_CalculatePEC                         0x08000a4d   Thumb Code    24  stm32f10x_i2c.o(.text)
    I2C_GetPEC                               0x08000a65   Thumb Code     8  stm32f10x_i2c.o(.text)
    I2C_ARPCmd                               0x08000a6d   Thumb Code    24  stm32f10x_i2c.o(.text)
    I2C_StretchClockCmd                      0x08000a85   Thumb Code    24  stm32f10x_i2c.o(.text)
    I2C_FastModeDutyCycleConfig              0x08000a9d   Thumb Code    28  stm32f10x_i2c.o(.text)
    I2C_CheckEvent                           0x08000ab9   Thumb Code    42  stm32f10x_i2c.o(.text)
    I2C_GetLastEvent                         0x08000ae3   Thumb Code    26  stm32f10x_i2c.o(.text)
    I2C_GetFlagStatus                        0x08000afd   Thumb Code    58  stm32f10x_i2c.o(.text)
    I2C_ClearFlag                            0x08000b37   Thumb Code    12  stm32f10x_i2c.o(.text)
    I2C_GetITStatus                          0x08000b43   Thumb Code    54  stm32f10x_i2c.o(.text)
    I2C_ClearITPendingBit                    0x08000b79   Thumb Code    12  stm32f10x_i2c.o(.text)
    IWDG_WriteAccessCmd                      0x08000b85   Thumb Code     6  stm32f10x_iwdg.o(.text)
    IWDG_SetPrescaler                        0x08000b8b   Thumb Code     6  stm32f10x_iwdg.o(.text)
    IWDG_SetReload                           0x08000b91   Thumb Code     6  stm32f10x_iwdg.o(.text)
    IWDG_ReloadCounter                       0x08000b97   Thumb Code    10  stm32f10x_iwdg.o(.text)
    IWDG_Enable                              0x08000ba1   Thumb Code    10  stm32f10x_iwdg.o(.text)
    IWDG_GetFlagStatus                       0x08000bab   Thumb Code    20  stm32f10x_iwdg.o(.text)
    RCC_DeInit                               0x08000bc5   Thumb Code    64  stm32f10x_rcc.o(.text)
    RCC_HSEConfig                            0x08000c05   Thumb Code    70  stm32f10x_rcc.o(.text)
    RCC_GetFlagStatus                        0x08000c4b   Thumb Code    56  stm32f10x_rcc.o(.text)
    RCC_WaitForHSEStartUp                    0x08000c83   Thumb Code    56  stm32f10x_rcc.o(.text)
    RCC_AdjustHSICalibrationValue            0x08000cbb   Thumb Code    20  stm32f10x_rcc.o(.text)
    RCC_HSICmd                               0x08000ccf   Thumb Code     6  stm32f10x_rcc.o(.text)
    RCC_PLLConfig                            0x08000cd5   Thumb Code    24  stm32f10x_rcc.o(.text)
    RCC_PLLCmd                               0x08000ced   Thumb Code     6  stm32f10x_rcc.o(.text)
    RCC_SYSCLKConfig                         0x08000cf3   Thumb Code    18  stm32f10x_rcc.o(.text)
    RCC_GetSYSCLKSource                      0x08000d05   Thumb Code    10  stm32f10x_rcc.o(.text)
    RCC_HCLKConfig                           0x08000d0f   Thumb Code    18  stm32f10x_rcc.o(.text)
    RCC_PCLK1Config                          0x08000d21   Thumb Code    18  stm32f10x_rcc.o(.text)
    RCC_PCLK2Config                          0x08000d33   Thumb Code    20  stm32f10x_rcc.o(.text)
    RCC_ITConfig                             0x08000d47   Thumb Code    26  stm32f10x_rcc.o(.text)
    RCC_USBCLKConfig                         0x08000d61   Thumb Code     8  stm32f10x_rcc.o(.text)
    RCC_ADCCLKConfig                         0x08000d69   Thumb Code    18  stm32f10x_rcc.o(.text)
    RCC_LSEConfig                            0x08000d7b   Thumb Code    50  stm32f10x_rcc.o(.text)
    RCC_LSICmd                               0x08000dad   Thumb Code     6  stm32f10x_rcc.o(.text)
    RCC_RTCCLKConfig                         0x08000db3   Thumb Code    12  stm32f10x_rcc.o(.text)
    RCC_RTCCLKCmd                            0x08000dbf   Thumb Code     8  stm32f10x_rcc.o(.text)
    RCC_GetClocksFreq                        0x08000dc7   Thumb Code   192  stm32f10x_rcc.o(.text)
    RCC_AHBPeriphClockCmd                    0x08000e87   Thumb Code    26  stm32f10x_rcc.o(.text)
    RCC_APB2PeriphClockCmd                   0x08000ea1   Thumb Code    26  stm32f10x_rcc.o(.text)
    RCC_APB1PeriphClockCmd                   0x08000ebb   Thumb Code    26  stm32f10x_rcc.o(.text)
    RCC_APB2PeriphResetCmd                   0x08000ed5   Thumb Code    26  stm32f10x_rcc.o(.text)
    RCC_APB1PeriphResetCmd                   0x08000eef   Thumb Code    26  stm32f10x_rcc.o(.text)
    RCC_BackupResetCmd                       0x08000f09   Thumb Code     8  stm32f10x_rcc.o(.text)
    RCC_ClockSecuritySystemCmd               0x08000f11   Thumb Code     6  stm32f10x_rcc.o(.text)
    RCC_MCOConfig                            0x08000f17   Thumb Code     6  stm32f10x_rcc.o(.text)
    RCC_ClearFlag                            0x08000f1d   Thumb Code    14  stm32f10x_rcc.o(.text)
    RCC_GetITStatus                          0x08000f2b   Thumb Code    20  stm32f10x_rcc.o(.text)
    RCC_ClearITPendingBit                    0x08000f3f   Thumb Code     6  stm32f10x_rcc.o(.text)
    TIM_DeInit                               0x08000f69   Thumb Code   424  stm32f10x_tim.o(.text)
    TIM_TimeBaseInit                         0x08001111   Thumb Code   122  stm32f10x_tim.o(.text)
    TIM_OC1Init                              0x0800118b   Thumb Code   132  stm32f10x_tim.o(.text)
    TIM_OC2Init                              0x0800120f   Thumb Code   154  stm32f10x_tim.o(.text)
    TIM_OC3Init                              0x080012a9   Thumb Code   150  stm32f10x_tim.o(.text)
    TIM_OC4Init                              0x0800133f   Thumb Code   182  stm32f10x_tim.o(.text)
    TIM_SetIC4Prescaler                      0x080013f5   Thumb Code    26  stm32f10x_tim.o(.text)
    TIM_SetIC3Prescaler                      0x08001491   Thumb Code    18  stm32f10x_tim.o(.text)
    TIM_SetIC2Prescaler                      0x0800151d   Thumb Code    26  stm32f10x_tim.o(.text)
    TIM_SetIC1Prescaler                      0x080015b9   Thumb Code    18  stm32f10x_tim.o(.text)
    TIM_ICInit                               0x08001637   Thumb Code   150  stm32f10x_tim.o(.text)
    TIM_PWMIConfig                           0x080016cd   Thumb Code   124  stm32f10x_tim.o(.text)
    TIM_BDTRConfig                           0x08001749   Thumb Code    32  stm32f10x_tim.o(.text)
    TIM_TimeBaseStructInit                   0x08001769   Thumb Code    18  stm32f10x_tim.o(.text)
    TIM_OCStructInit                         0x0800177b   Thumb Code    20  stm32f10x_tim.o(.text)
    TIM_ICStructInit                         0x0800178f   Thumb Code    18  stm32f10x_tim.o(.text)
    TIM_BDTRStructInit                       0x080017a1   Thumb Code    40  stm32f10x_tim.o(.text)
    TIM_Cmd                                  0x080017c9   Thumb Code    24  stm32f10x_tim.o(.text)
    TIM_CtrlPWMOutputs                       0x080017e1   Thumb Code    30  stm32f10x_tim.o(.text)
    TIM_ITConfig                             0x080017ff   Thumb Code    18  stm32f10x_tim.o(.text)
    TIM_GenerateEvent                        0x08001811   Thumb Code     4  stm32f10x_tim.o(.text)
    TIM_DMAConfig                            0x08001815   Thumb Code    10  stm32f10x_tim.o(.text)
    TIM_DMACmd                               0x0800181f   Thumb Code    18  stm32f10x_tim.o(.text)
    TIM_InternalClockConfig                  0x08001831   Thumb Code    12  stm32f10x_tim.o(.text)
    TIM_SelectInputTrigger                   0x0800183d   Thumb Code    18  stm32f10x_tim.o(.text)
    TIM_ITRxExternalClockConfig              0x0800184f   Thumb Code    24  stm32f10x_tim.o(.text)
    TIM_TIxExternalClockConfig               0x08001867   Thumb Code    62  stm32f10x_tim.o(.text)
    TIM_ETRConfig                            0x080018a5   Thumb Code    28  stm32f10x_tim.o(.text)
    TIM_ETRClockMode1Config                  0x080018c1   Thumb Code    54  stm32f10x_tim.o(.text)
    TIM_ETRClockMode2Config                  0x080018f7   Thumb Code    32  stm32f10x_tim.o(.text)
    TIM_PrescalerConfig                      0x08001917   Thumb Code     6  stm32f10x_tim.o(.text)
    TIM_CounterModeConfig                    0x0800191d   Thumb Code    18  stm32f10x_tim.o(.text)
    TIM_EncoderInterfaceConfig               0x0800192f   Thumb Code    66  stm32f10x_tim.o(.text)
    TIM_ForcedOC1Config                      0x08001971   Thumb Code    18  stm32f10x_tim.o(.text)
    TIM_ForcedOC2Config                      0x08001983   Thumb Code    26  stm32f10x_tim.o(.text)
    TIM_ForcedOC3Config                      0x0800199d   Thumb Code    18  stm32f10x_tim.o(.text)
    TIM_ForcedOC4Config                      0x080019af   Thumb Code    26  stm32f10x_tim.o(.text)
    TIM_ARRPreloadConfig                     0x080019c9   Thumb Code    24  stm32f10x_tim.o(.text)
    TIM_SelectCOM                            0x080019e1   Thumb Code    24  stm32f10x_tim.o(.text)
    TIM_SelectCCDMA                          0x080019f9   Thumb Code    24  stm32f10x_tim.o(.text)
    TIM_CCPreloadControl                     0x08001a11   Thumb Code    24  stm32f10x_tim.o(.text)
    TIM_OC1PreloadConfig                     0x08001a29   Thumb Code    18  stm32f10x_tim.o(.text)
    TIM_OC2PreloadConfig                     0x08001a3b   Thumb Code    26  stm32f10x_tim.o(.text)
    TIM_OC3PreloadConfig                     0x08001a55   Thumb Code    18  stm32f10x_tim.o(.text)
    TIM_OC4PreloadConfig                     0x08001a67   Thumb Code    26  stm32f10x_tim.o(.text)
    TIM_OC1FastConfig                        0x08001a81   Thumb Code    18  stm32f10x_tim.o(.text)
    TIM_OC2FastConfig                        0x08001a93   Thumb Code    26  stm32f10x_tim.o(.text)
    TIM_OC3FastConfig                        0x08001aad   Thumb Code    18  stm32f10x_tim.o(.text)
    TIM_OC4FastConfig                        0x08001abf   Thumb Code    26  stm32f10x_tim.o(.text)
    TIM_ClearOC1Ref                          0x08001ad9   Thumb Code    18  stm32f10x_tim.o(.text)
    TIM_ClearOC2Ref                          0x08001aeb   Thumb Code    24  stm32f10x_tim.o(.text)
    TIM_ClearOC3Ref                          0x08001b03   Thumb Code    18  stm32f10x_tim.o(.text)
    TIM_ClearOC4Ref                          0x08001b15   Thumb Code    24  stm32f10x_tim.o(.text)
    TIM_OC1PolarityConfig                    0x08001b2d   Thumb Code    18  stm32f10x_tim.o(.text)
    TIM_OC1NPolarityConfig                   0x08001b3f   Thumb Code    18  stm32f10x_tim.o(.text)
    TIM_OC2PolarityConfig                    0x08001b51   Thumb Code    26  stm32f10x_tim.o(.text)
    TIM_OC2NPolarityConfig                   0x08001b6b   Thumb Code    26  stm32f10x_tim.o(.text)
    TIM_OC3PolarityConfig                    0x08001b85   Thumb Code    26  stm32f10x_tim.o(.text)
    TIM_OC3NPolarityConfig                   0x08001b9f   Thumb Code    26  stm32f10x_tim.o(.text)
    TIM_OC4PolarityConfig                    0x08001bb9   Thumb Code    26  stm32f10x_tim.o(.text)
    TIM_CCxCmd                               0x08001bd3   Thumb Code    30  stm32f10x_tim.o(.text)
    TIM_CCxNCmd                              0x08001bf1   Thumb Code    30  stm32f10x_tim.o(.text)
    TIM_SelectOCxM                           0x08001c0f   Thumb Code    82  stm32f10x_tim.o(.text)
    TIM_UpdateDisableConfig                  0x08001c61   Thumb Code    24  stm32f10x_tim.o(.text)
    TIM_UpdateRequestConfig                  0x08001c79   Thumb Code    24  stm32f10x_tim.o(.text)
    TIM_SelectHallSensor                     0x08001c91   Thumb Code    24  stm32f10x_tim.o(.text)
    TIM_SelectOnePulseMode                   0x08001ca9   Thumb Code    18  stm32f10x_tim.o(.text)
    TIM_SelectOutputTrigger                  0x08001cbb   Thumb Code    18  stm32f10x_tim.o(.text)
    TIM_SelectSlaveMode                      0x08001ccd   Thumb Code    18  stm32f10x_tim.o(.text)
    TIM_SelectMasterSlaveMode                0x08001cdf   Thumb Code    18  stm32f10x_tim.o(.text)
    TIM_SetCounter                           0x08001cf1   Thumb Code     4  stm32f10x_tim.o(.text)
    TIM_SetAutoreload                        0x08001cf5   Thumb Code     4  stm32f10x_tim.o(.text)
    TIM_SetCompare1                          0x08001cf9   Thumb Code     4  stm32f10x_tim.o(.text)
    TIM_SetCompare2                          0x08001cfd   Thumb Code     4  stm32f10x_tim.o(.text)
    TIM_SetCompare3                          0x08001d01   Thumb Code     4  stm32f10x_tim.o(.text)
    TIM_SetCompare4                          0x08001d05   Thumb Code     6  stm32f10x_tim.o(.text)
    TIM_SetClockDivision                     0x08001d0b   Thumb Code    18  stm32f10x_tim.o(.text)
    TIM_GetCapture1                          0x08001d1d   Thumb Code     6  stm32f10x_tim.o(.text)
    TIM_GetCapture2                          0x08001d23   Thumb Code     6  stm32f10x_tim.o(.text)
    TIM_GetCapture3                          0x08001d29   Thumb Code     6  stm32f10x_tim.o(.text)
    TIM_GetCapture4                          0x08001d2f   Thumb Code     8  stm32f10x_tim.o(.text)
    TIM_GetCounter                           0x08001d37   Thumb Code     6  stm32f10x_tim.o(.text)
    TIM_GetPrescaler                         0x08001d3d   Thumb Code     6  stm32f10x_tim.o(.text)
    TIM_GetFlagStatus                        0x08001d43   Thumb Code    18  stm32f10x_tim.o(.text)
    TIM_ClearFlag                            0x08001d55   Thumb Code     6  stm32f10x_tim.o(.text)
    TIM_GetITStatus                          0x08001d5b   Thumb Code    34  stm32f10x_tim.o(.text)
    TIM_ClearITPendingBit                    0x08001d7d   Thumb Code     6  stm32f10x_tim.o(.text)
    USART_DeInit                             0x08001d85   Thumb Code   134  stm32f10x_usart.o(.text)
    USART_Init                               0x08001e0b   Thumb Code   210  stm32f10x_usart.o(.text)
    USART_StructInit                         0x08001edd   Thumb Code    24  stm32f10x_usart.o(.text)
    USART_ClockInit                          0x08001ef5   Thumb Code    34  stm32f10x_usart.o(.text)
    USART_ClockStructInit                    0x08001f17   Thumb Code    12  stm32f10x_usart.o(.text)
    USART_Cmd                                0x08001f23   Thumb Code    24  stm32f10x_usart.o(.text)
    USART_ITConfig                           0x08001f3b   Thumb Code    74  stm32f10x_usart.o(.text)
    USART_DMACmd                             0x08001f85   Thumb Code    18  stm32f10x_usart.o(.text)
    USART_SetAddress                         0x08001f97   Thumb Code    18  stm32f10x_usart.o(.text)
    USART_WakeUpConfig                       0x08001fa9   Thumb Code    18  stm32f10x_usart.o(.text)
    USART_ReceiverWakeUpCmd                  0x08001fbb   Thumb Code    24  stm32f10x_usart.o(.text)
    USART_LINBreakDetectLengthConfig         0x08001fd3   Thumb Code    18  stm32f10x_usart.o(.text)
    USART_LINCmd                             0x08001fe5   Thumb Code    24  stm32f10x_usart.o(.text)
    USART_SendData                           0x08001ffd   Thumb Code     8  stm32f10x_usart.o(.text)
    USART_ReceiveData                        0x08002005   Thumb Code    10  stm32f10x_usart.o(.text)
    USART_SendBreak                          0x0800200f   Thumb Code    10  stm32f10x_usart.o(.text)
    USART_SetGuardTime                       0x08002019   Thumb Code    16  stm32f10x_usart.o(.text)
    USART_SetPrescaler                       0x08002029   Thumb Code    16  stm32f10x_usart.o(.text)
    USART_SmartCardCmd                       0x08002039   Thumb Code    24  stm32f10x_usart.o(.text)
    USART_SmartCardNACKCmd                   0x08002051   Thumb Code    24  stm32f10x_usart.o(.text)
    USART_HalfDuplexCmd                      0x08002069   Thumb Code    24  stm32f10x_usart.o(.text)
    USART_OverSampling8Cmd                   0x08002081   Thumb Code    22  stm32f10x_usart.o(.text)
    USART_OneBitMethodCmd                    0x08002097   Thumb Code    24  stm32f10x_usart.o(.text)
    USART_IrDAConfig                         0x080020af   Thumb Code    18  stm32f10x_usart.o(.text)
    USART_IrDACmd                            0x080020c1   Thumb Code    24  stm32f10x_usart.o(.text)
    USART_GetFlagStatus                      0x080020d9   Thumb Code    26  stm32f10x_usart.o(.text)
    USART_ClearFlag                          0x080020f3   Thumb Code    18  stm32f10x_usart.o(.text)
    USART_GetITStatus                        0x08002105   Thumb Code    84  stm32f10x_usart.o(.text)
    USART_ClearITPendingBit                  0x08002159   Thumb Code    52  stm32f10x_usart.o(.text)
    main                                     0x0800218d   Thumb Code   282  main.o(.text)
    NMI_Handler                              0x080022b1   Thumb Code     2  stm32f10x_it.o(.text)
    HardFault_Handler                        0x080022b3   Thumb Code     4  stm32f10x_it.o(.text)
    MemManage_Handler                        0x080022b7   Thumb Code     4  stm32f10x_it.o(.text)
    BusFault_Handler                         0x080022bb   Thumb Code     4  stm32f10x_it.o(.text)
    UsageFault_Handler                       0x080022bf   Thumb Code     4  stm32f10x_it.o(.text)
    SVC_Handler                              0x080022c3   Thumb Code     2  stm32f10x_it.o(.text)
    DebugMon_Handler                         0x080022c5   Thumb Code     2  stm32f10x_it.o(.text)
    PendSV_Handler                           0x080022c7   Thumb Code     2  stm32f10x_it.o(.text)
    bsp_LedToggle                            0x080022c9   Thumb Code    72  bsp_led.o(.text)
    bsp_LedOn                                0x08002311   Thumb Code    58  bsp_led.o(.text)
    bsp_InitLed                              0x0800234b   Thumb Code    92  bsp_led.o(.text)
    bsp_LedOff                               0x080023a7   Thumb Code    58  bsp_led.o(.text)
    bsp_IsLedOn                              0x080023e1   Thumb Code    94  bsp_led.o(.text)
    assert_failed                            0x0800243f   Thumb Code    10  bsp_led.o(.text)
    bsp_InitTimer                            0x08002451   Thumb Code   138  bsp_timer.o(.text)
    SysTick_ISR                              0x080024f7   Thumb Code   110  bsp_timer.o(.text)
    bsp_DelayMS                              0x08002565   Thumb Code    58  bsp_timer.o(.text)
    bsp_DelayUS                              0x0800259f   Thumb Code    76  bsp_timer.o(.text)
    bsp_StartTimer                           0x080025eb   Thumb Code    80  bsp_timer.o(.text)
    bsp_StartAutoTimer                       0x0800263b   Thumb Code    84  bsp_timer.o(.text)
    bsp_StopTimer                            0x0800268f   Thumb Code    66  bsp_timer.o(.text)
    bsp_CheckTimer                           0x080026d1   Thumb Code    48  bsp_timer.o(.text)
    bsp_GetRunTime                           0x08002701   Thumb Code    22  bsp_timer.o(.text)
    SysTick_Handler                          0x08002717   Thumb Code     8  bsp_timer.o(.text)
    TM7705_CalibSelf                         0x08002847   Thumb Code   102  bsp_tm7705.o(.text)
    bsp_InitTM7705                           0x0800290b   Thumb Code   202  bsp_tm7705.o(.text)
    TM7705_WriteReg                          0x08002acb   Thumb Code    94  bsp_tm7705.o(.text)
    TM7705_ReadReg                           0x08002b29   Thumb Code   158  bsp_tm7705.o(.text)
    TM7705_SytemCalibZero                    0x08002bc7   Thumb Code    48  bsp_tm7705.o(.text)
    TM7705_SytemCalibFull                    0x08002bf7   Thumb Code    48  bsp_tm7705.o(.text)
    TM7705_ReadAdc                           0x08002c27   Thumb Code    78  bsp_tm7705.o(.text)
    USART1_ReciveNew                         0x08002d2b   Thumb Code   158  bsp_uart_fifo.o(.text)
    bsp_InitUart                             0x08002df9   Thumb Code    16  bsp_uart_fifo.o(.text)
    ComToUart                                0x08002e09   Thumb Code    52  bsp_uart_fifo.o(.text)
    comSendBuf                               0x08002eaf   Thumb Code    46  bsp_uart_fifo.o(.text)
    comSendChar                              0x08002edd   Thumb Code    16  bsp_uart_fifo.o(.text)
    comGetChar                               0x08002f37   Thumb Code    30  bsp_uart_fifo.o(.text)
    comClearTxFifo                           0x08002f55   Thumb Code    28  bsp_uart_fifo.o(.text)
    comClearRxFifo                           0x08002f71   Thumb Code    28  bsp_uart_fifo.o(.text)
    PrintfLogo                               0x08002f8d   Thumb Code    28  bsp_uart_fifo.o(.text)
    USART3_SendBefor                         0x08002fa9   Thumb Code     2  bsp_uart_fifo.o(.text)
    USART3_SendOver                          0x08002fab   Thumb Code     2  bsp_uart_fifo.o(.text)
    USART1_IRQHandler                        0x080032a5   Thumb Code    10  bsp_uart_fifo.o(.text)
    fputc                                    0x080032af   Thumb Code    18  bsp_uart_fifo.o(.text)
    fgetc                                    0x080032c1   Thumb Code    24  bsp_uart_fifo.o(.text)
    bsp_Init                                 0x080032e5   Thumb Code   572  bsp.o(.text)
    bsp_RunPer10ms                           0x08003521   Thumb Code     2  bsp.o(.text)
    bsp_RunPer1ms                            0x08003523   Thumb Code     2  bsp.o(.text)
    bsp_Idle                                 0x08003525   Thumb Code     8  bsp.o(.text)
    Mosbus_Init                              0x080035f9   Thumb Code    20  modbus.o(.text)
    Modbud_fun3                              0x0800360d   Thumb Code   272  modbus.o(.text)
    Modbud_fun6                              0x0800371d   Thumb Code   256  modbus.o(.text)
    Mosbus_Event                             0x0800381d   Thumb Code   172  modbus.o(.text)
    RS485_Init                               0x080038d5   Thumb Code   170  modbus_uart.o(.text)
    RS485_byte                               0x0800397f   Thumb Code    36  modbus_uart.o(.text)
    USART2_IRQHandler                        0x080039a3   Thumb Code    86  modbus_uart.o(.text)
    crc16                                    0x08003a05   Thumb Code    48  modbuscrc.o(.text)
    Timer2_Init                              0x08003a3d   Thumb Code    72  timer.o(.text)
    Isr_Init                                 0x08003a85   Thumb Code    66  timer.o(.text)
    delay                                    0x08003ac7   Thumb Code    12  timer.o(.text)
    TIM2_IRQHandler                          0x08003ad3   Thumb Code    70  timer.o(.text)
    IWDG_Config                              0x08003b1d   Thumb Code    36  bsp_iwdg.o(.text)
    IWDG_Feed                                0x08003b41   Thumb Code     8  bsp_iwdg.o(.text)
    Reset_wdd                                0x08003b49   Thumb Code    26  bsp_iwdg.o(.text)
    DS18B20_Rst                              0x08003b65   Thumb Code    54  ds18b20.o(.text)
    DS18B20_Check                            0x08003b9b   Thumb Code    96  ds18b20.o(.text)
    DS18B20_Read_Bit                         0x08003bfb   Thumb Code    96  ds18b20.o(.text)
    DS18B20_Read_Byte                        0x08003c5b   Thumb Code    34  ds18b20.o(.text)
    DS18B20_Write_Byte                       0x08003c7d   Thumb Code   102  ds18b20.o(.text)
    DS18B20_Start                            0x08003ce3   Thumb Code    24  ds18b20.o(.text)
    DS18B20_Init                             0x08003cfb   Thumb Code    62  ds18b20.o(.text)
    DS18B20_Get_Temp                         0x08003d39   Thumb Code   136  ds18b20.o(.text)
    IIC_Start                                0x08003dd1   Thumb Code    36  oled.o(.text)
    IIC_Stop                                 0x08003df5   Thumb Code    36  oled.o(.text)
    Write_IIC_Byte                           0x08003e19   Thumb Code    88  oled.o(.text)
    Write_IIC_Command                        0x08003e71   Thumb Code    32  oled.o(.text)
    Write_IIC_Data                           0x08003e91   Thumb Code    32  oled.o(.text)
    OLED_WR_Byte                             0x08003eb1   Thumb Code    64  oled.o(.text)
    fill_picture                             0x08003ef1   Thumb Code    64  oled.o(.text)
    Delay_50ms                               0x08003f31   Thumb Code    22  oled.o(.text)
    Delay_1ms                                0x08003f47   Thumb Code    26  oled.o(.text)
    OLED_Set_Pos                             0x08003f61   Thumb Code    44  oled.o(.text)
    OLED_Display_On                          0x08003f8d   Thumb Code    28  oled.o(.text)
    OLED_Display_Off                         0x08003fa9   Thumb Code    28  oled.o(.text)
    OLED_Clear                               0x08003fc5   Thumb Code    62  oled.o(.text)
    OLED_On                                  0x08004003   Thumb Code    62  oled.o(.text)
    OLED_ShowChar                            0x08004041   Thumb Code   154  oled.o(.text)
    oled_pow                                 0x080040db   Thumb Code    22  oled.o(.text)
    OLED_ShowNum                             0x080040f1   Thumb Code   136  oled.o(.text)
    OLED_ShowString                          0x08004179   Thumb Code    72  oled.o(.text)
    OLED_ShowCHinese                         0x080041c1   Thumb Code    98  oled.o(.text)
    OLED_DrawBMP                             0x08004223   Thumb Code   118  oled.o(.text)
    OLED_Init                                0x08004299   Thumb Code   270  oled.o(.text)
    OLED_PrintLogo                           0x080043a7   Thumb Code    68  oled.o(.text)
    Remote_Init                              0x0800442d   Thumb Code   180  remote.o(.text)
    TIM4_IRQHandler                          0x080044e1   Thumb Code   384  remote.o(.text)
    Remote_Scan                              0x08004661   Thumb Code   100  remote.o(.text)
    Regular_task                             0x080046e1   Thumb Code   516  processing.o(.text)
    Input_key                                0x080048e5   Thumb Code   158  processing.o(.text)
    Test_task                                0x08004983   Thumb Code   344  processing.o(.text)
    Cali_task                                0x08004adb   Thumb Code  3118  processing.o(.text)
    Test_task2                               0x08005709   Thumb Code   112  processing.o(.text)
    Tip_task                                 0x08005779   Thumb Code   130  processing.o(.text)
    parameter_init                           0x080057fb   Thumb Code   182  processing.o(.text)
    reload_para                              0x080058b1   Thumb Code   358  processing.o(.text)
    I2C_EE_Init                              0x08005a9f   Thumb Code    18  bsp_i2c_ee.o(.text)
    I2C_EE_WaitEepromStandbyState            0x08005ab1   Thumb Code    72  bsp_i2c_ee.o(.text)
    I2C_EE_PageWrite                         0x08005b09   Thumb Code   286  bsp_i2c_ee.o(.text)
    I2C_EE_BufferWrite                       0x08005c27   Thumb Code   298  bsp_i2c_ee.o(.text)
    I2C_EE_ByteWrite                         0x08005d51   Thumb Code   308  bsp_i2c_ee.o(.text)
    I2C_EE_BufferRead                        0x08005e85   Thumb Code   418  bsp_i2c_ee.o(.text)
    strlen                                   0x0800603d   Thumb Code    14  strlen.o(.text)
    __aeabi_fadd                             0x0800604b   Thumb Code   164  fadd.o(.text)
    __aeabi_fsub                             0x080060ef   Thumb Code     6  fadd.o(.text)
    __aeabi_frsub                            0x080060f5   Thumb Code     6  fadd.o(.text)
    __aeabi_fmul                             0x080060fb   Thumb Code   100  fmul.o(.text)
    __aeabi_fdiv                             0x0800615f   Thumb Code   124  fdiv.o(.text)
    __aeabi_dmul                             0x080061db   Thumb Code   228  dmul.o(.text)
    __aeabi_i2f                              0x080062bf   Thumb Code    18  fflti.o(.text)
    __aeabi_ui2f                             0x080062d1   Thumb Code    10  ffltui.o(.text)
    __aeabi_f2iz                             0x080062db   Thumb Code    50  ffixi.o(.text)
    __aeabi_f2uiz                            0x0800630d   Thumb Code    40  ffixui.o(.text)
    __aeabi_d2iz                             0x08006335   Thumb Code    62  dfixi.o(.text)
    __aeabi_f2d                              0x08006373   Thumb Code    38  f2d.o(.text)
    __aeabi_d2f                              0x08006399   Thumb Code    56  d2f.o(.text)
    __aeabi_cfcmpeq                          0x080063d1   Thumb Code     0  cfcmple.o(.text)
    __aeabi_cfcmple                          0x080063d1   Thumb Code    20  cfcmple.o(.text)
    __aeabi_cfrcmple                         0x080063e5   Thumb Code    20  cfrcmple.o(.text)
    __aeabi_uidiv                            0x080063f9   Thumb Code     0  uidiv.o(.text)
    __aeabi_uidivmod                         0x080063f9   Thumb Code    44  uidiv.o(.text)
    __aeabi_uldivmod                         0x08006425   Thumb Code    98  uldiv.o(.text)
    __aeabi_llsr                             0x08006487   Thumb Code    32  llushr.o(.text)
    _ll_ushift_r                             0x08006487   Thumb Code     0  llushr.o(.text)
    __strtod_int                             0x080064df   Thumb Code    88  strtod.o(.text)
    __I$use$fp                               0x08006545   Thumb Code     0  iusefp.o(.text)
    _float_round                             0x08006545   Thumb Code    18  fepilogue.o(.text)
    _float_epilogue                          0x08006557   Thumb Code    92  fepilogue.o(.text)
    _double_round                            0x080065b3   Thumb Code    26  depilogue.o(.text)
    _double_epilogue                         0x080065cd   Thumb Code   156  depilogue.o(.text)
    __aeabi_dadd                             0x08006669   Thumb Code   322  dadd.o(.text)
    __aeabi_dsub                             0x080067ab   Thumb Code     6  dadd.o(.text)
    __aeabi_drsub                            0x080067b1   Thumb Code     6  dadd.o(.text)
    __aeabi_ddiv                             0x080067b7   Thumb Code   222  ddiv.o(.text)
    __aeabi_d2ulz                            0x08006895   Thumb Code    48  dfixul.o(.text)
    __aeabi_cdrcmple                         0x080068c5   Thumb Code    38  cdrcmple.o(.text)
    __scatterload                            0x080068ed   Thumb Code    28  init.o(.text)
    __scatterload_rt2                        0x080068ed   Thumb Code     0  init.o(.text)
    __aeabi_llsl                             0x08006911   Thumb Code    30  llshl.o(.text)
    _ll_shift_l                              0x08006911   Thumb Code     0  llshl.o(.text)
    __aeabi_lasr                             0x0800692f   Thumb Code    36  llsshr.o(.text)
    _ll_sshift_r                             0x0800692f   Thumb Code     0  llsshr.o(.text)
    isspace                                  0x08006953   Thumb Code    10  isspace_c.o(.text)
    _scanf_real                              0x08006a5d   Thumb Code     0  scanf_fp.o(.text)
    _scanf_really_real                       0x08006a5d   Thumb Code   556  scanf_fp.o(.text)
    _sgetc                                   0x08006c95   Thumb Code    30  _sgetc.o(.text)
    _sbackspace                              0x08006cb3   Thumb Code    34  _sgetc.o(.text)
    __ctype_lookup                           0x08006cd5   Thumb Code    34  ctype_c.o(.text)
    __aeabi_ul2d                             0x08006cfd   Thumb Code    24  dfltul.o(.text)
    __decompress                             0x08006d15   Thumb Code     0  __dclz77c.o(.text)
    __decompress2                            0x08006d15   Thumb Code    94  __dclz77c.o(.text)
    __0printf                                0x08006d75   Thumb Code    22  printfa.o(i.__0printf)
    __1printf                                0x08006d75   Thumb Code     0  printfa.o(i.__0printf)
    __2printf                                0x08006d75   Thumb Code     0  printfa.o(i.__0printf)
    __c89printf                              0x08006d75   Thumb Code     0  printfa.o(i.__0printf)
    printf                                   0x08006d75   Thumb Code     0  printfa.o(i.__0printf)
    __0sprintf                               0x08006d95   Thumb Code    34  printfa.o(i.__0sprintf)
    __1sprintf                               0x08006d95   Thumb Code     0  printfa.o(i.__0sprintf)
    __2sprintf                               0x08006d95   Thumb Code     0  printfa.o(i.__0sprintf)
    __c89sprintf                             0x08006d95   Thumb Code     0  printfa.o(i.__0sprintf)
    sprintf                                  0x08006d95   Thumb Code     0  printfa.o(i.__0sprintf)
    __read_errno                             0x08006dbd   Thumb Code     6  errno.o(i.__read_errno)
    __scatterload_copy                       0x08006dc9   Thumb Code    14  handlers.o(i.__scatterload_copy)
    __scatterload_null                       0x08006dd7   Thumb Code     2  handlers.o(i.__scatterload_null)
    __scatterload_zeroinit                   0x08006dd9   Thumb Code    14  handlers.o(i.__scatterload_zeroinit)
    __set_errno                              0x08006de9   Thumb Code     6  errno.o(i.__set_errno)
    _is_digit                                0x08006f59   Thumb Code    14  scanf_fp.o(i._is_digit)
    atof                                     0x080076a1   Thumb Code    42  atof.o(i.atof)
    auchCRCHi                                0x080076fa   Data         256  modbuscrc.o(.constdata)
    auchCRCLo                                0x080077fa   Data         256  modbuscrc.o(.constdata)
    F6x8                                     0x080078fa   Data         552  oled.o(.constdata)
    F8X16                                    0x08007b22   Data        1520  oled.o(.constdata)
    __ctype_categories                       0x0800816c   Data          64  ctype_c.o(.constdata)
    Region$$Table$$Base                      0x080082ac   Number         0  anon$$obj.o(Region$$Table)
    Region$$Table$$Limit                     0x080082cc   Number         0  anon$$obj.o(Region$$Table)
    SystemCoreClock                          0x20000000   Data           4  system_stm32f10x.o(.data)
    AHBPrescTable                            0x20000004   Data          16  system_stm32f10x.o(.data)
    Reg                                      0x20000028   Data          40  main.o(.data)
    sys_state                                0x20000050   Data           1  main.o(.data)
    function_key_flat                        0x20000051   Data           1  main.o(.data)
    g_iRunTime                               0x2000005c   Data           4  bsp_timer.o(.data)
    Hzk                                      0x20000061   Data         768  oled.o(.data)
    RmtSta                                   0x20000364   Data           1  remote.o(.data)
    Dval                                     0x20000366   Data           2  remote.o(.data)
    RmtRec                                   0x20000368   Data           4  remote.o(.data)
    RmtCnt                                   0x2000036c   Data           1  remote.o(.data)
    cali_state                               0x20000370   Data           1  processing.o(.data)
    cal_x1                                   0x20000374   Data           4  processing.o(.data)
    cal_x2                                   0x20000378   Data           4  processing.o(.data)
    cal_y1                                   0x2000037c   Data           4  processing.o(.data)
    cal_y2                                   0x20000380   Data           4  processing.o(.data)
    EEPROM_ADDRESS                           0x2000038c   Data           2  bsp_i2c_ee.o(.data)
    __stdout                                 0x20000394   Data           4  stdout.o(.data)
    I2c_Buf_Write                            0x20000bc4   Data          60  main.o(.bss)
    I2c_Buf_Read                             0x20000c00   Data          60  main.o(.bss)
    modbus                                   0x200024e4   Data         208  modbus.o(.bss)
    in_str                                   0x20002ddc   Data          10  processing.o(.bss)
    __initial_sp                             0x20003200   Data           0  startup_stm32f10x_hd.o(STACK)



==============================================================================

Memory Map of the image

  Image Entry point : 0x08000131

  Load Region LR_IROM1 (Base: 0x08000000, Size: 0x00008668, Max: 0x00010000, ABSOLUTE, COMPRESSED[0x00008468])

    Execution Region ER_IROM1 (Base: 0x08000000, Size: 0x000082cc, Max: 0x00010000, ABSOLUTE)

    Base Addr    Size         Type   Attr      Idx    E Section Name        Object

    0x08000000   0x00000130   Data   RO            3    RESET               startup_stm32f10x_hd.o
    0x08000130   0x00000000   Code   RO          801  * .ARM.Collect$$$$00000000  mc_w.l(entry.o)
    0x08000130   0x00000004   Code   RO         1093    .ARM.Collect$$$$00000001  mc_w.l(entry2.o)
    0x08000134   0x00000004   Code   RO         1096    .ARM.Collect$$$$00000004  mc_w.l(entry5.o)
    0x08000138   0x00000000   Code   RO         1098    .ARM.Collect$$$$00000008  mc_w.l(entry7b.o)
    0x08000138   0x00000000   Code   RO         1100    .ARM.Collect$$$$0000000A  mc_w.l(entry8b.o)
    0x08000138   0x00000008   Code   RO         1101    .ARM.Collect$$$$0000000B  mc_w.l(entry9a.o)
    0x08000140   0x00000000   Code   RO         1103    .ARM.Collect$$$$0000000D  mc_w.l(entry10a.o)
    0x08000140   0x00000000   Code   RO         1105    .ARM.Collect$$$$0000000F  mc_w.l(entry11a.o)
    0x08000140   0x00000004   Code   RO         1094    .ARM.Collect$$$$00002712  mc_w.l(entry2.o)
    0x08000144   0x00000024   Code   RO            4    .text               startup_stm32f10x_hd.o
    0x08000168   0x000001e0   Code   RO           24    .text               system_stm32f10x.o
    0x08000348   0x000000dc   Code   RO           73    .text               misc.o
    0x08000424   0x0000035c   Code   RO          254    .text               stm32f10x_gpio.o
    0x08000780   0x00000404   Code   RO          266    .text               stm32f10x_i2c.o
    0x08000b84   0x00000040   Code   RO          278    .text               stm32f10x_iwdg.o
    0x08000bc4   0x000003a4   Code   RO          305    .text               stm32f10x_rcc.o
    0x08000f68   0x00000e1a   Code   RO          364    .text               stm32f10x_tim.o
    0x08001d82   0x00000002   PAD
    0x08001d84   0x00000408   Code   RO          376    .text               stm32f10x_usart.o
    0x0800218c   0x00000124   Code   RO          403    .text               main.o
    0x080022b0   0x00000018   Code   RO          476    .text               stm32f10x_it.o
    0x080022c8   0x00000188   Code   RO          494    .text               bsp_led.o
    0x08002450   0x00000344   Code   RO          508    .text               bsp_timer.o
    0x08002794   0x000004e0   Code   RO          529    .text               bsp_tm7705.o
    0x08002c74   0x00000670   Code   RO          543    .text               bsp_uart_fifo.o
    0x080032e4   0x00000314   Code   RO          563    .text               bsp.o
    0x080035f8   0x000002dc   Code   RO          577    .text               modbus.o
    0x080038d4   0x00000130   Code   RO          633    .text               modbus_uart.o
    0x08003a04   0x00000038   Code   RO          651    .text               modbuscrc.o
    0x08003a3c   0x000000e0   Code   RO          666    .text               timer.o
    0x08003b1c   0x00000046   Code   RO          678    .text               bsp_iwdg.o
    0x08003b62   0x00000002   PAD
    0x08003b64   0x0000026c   Code   RO          692    .text               ds18b20.o
    0x08003dd0   0x0000065c   Code   RO          722    .text               oled.o
    0x0800442c   0x000002b4   Code   RO          740    .text               remote.o
    0x080046e0   0x0000133c   Code   RO          762    .text               processing.o
    0x08005a1c   0x00000620   Code   RO          781    .text               bsp_i2c_ee.o
    0x0800603c   0x0000000e   Code   RO          804    .text               mc_w.l(strlen.o)
    0x0800604a   0x000000b0   Code   RO         1067    .text               mf_w.l(fadd.o)
    0x080060fa   0x00000064   Code   RO         1069    .text               mf_w.l(fmul.o)
    0x0800615e   0x0000007c   Code   RO         1071    .text               mf_w.l(fdiv.o)
    0x080061da   0x000000e4   Code   RO         1073    .text               mf_w.l(dmul.o)
    0x080062be   0x00000012   Code   RO         1075    .text               mf_w.l(fflti.o)
    0x080062d0   0x0000000a   Code   RO         1077    .text               mf_w.l(ffltui.o)
    0x080062da   0x00000032   Code   RO         1079    .text               mf_w.l(ffixi.o)
    0x0800630c   0x00000028   Code   RO         1081    .text               mf_w.l(ffixui.o)
    0x08006334   0x0000003e   Code   RO         1083    .text               mf_w.l(dfixi.o)
    0x08006372   0x00000026   Code   RO         1085    .text               mf_w.l(f2d.o)
    0x08006398   0x00000038   Code   RO         1087    .text               mf_w.l(d2f.o)
    0x080063d0   0x00000014   Code   RO         1089    .text               mf_w.l(cfcmple.o)
    0x080063e4   0x00000014   Code   RO         1091    .text               mf_w.l(cfrcmple.o)
    0x080063f8   0x0000002c   Code   RO         1108    .text               mc_w.l(uidiv.o)
    0x08006424   0x00000062   Code   RO         1110    .text               mc_w.l(uldiv.o)
    0x08006486   0x00000020   Code   RO         1112    .text               mc_w.l(llushr.o)
    0x080064a6   0x00000002   PAD
    0x080064a8   0x0000009c   Code   RO         1121    .text               mc_w.l(strtod.o)
    0x08006544   0x00000000   Code   RO         1123    .text               mc_w.l(iusefp.o)
    0x08006544   0x0000006e   Code   RO         1124    .text               mf_w.l(fepilogue.o)
    0x080065b2   0x000000b6   Code   RO         1126    .text               mf_w.l(depilogue.o)
    0x08006668   0x0000014e   Code   RO         1128    .text               mf_w.l(dadd.o)
    0x080067b6   0x000000de   Code   RO         1130    .text               mf_w.l(ddiv.o)
    0x08006894   0x00000030   Code   RO         1132    .text               mf_w.l(dfixul.o)
    0x080068c4   0x00000028   Code   RO         1134    .text               mf_w.l(cdrcmple.o)
    0x080068ec   0x00000024   Code   RO         1136    .text               mc_w.l(init.o)
    0x08006910   0x0000001e   Code   RO         1138    .text               mc_w.l(llshl.o)
    0x0800692e   0x00000024   Code   RO         1140    .text               mc_w.l(llsshr.o)
    0x08006952   0x0000000a   Code   RO         1142    .text               mc_w.l(isspace_c.o)
    0x0800695c   0x00000338   Code   RO         1144    .text               mc_w.l(scanf_fp.o)
    0x08006c94   0x00000040   Code   RO         1148    .text               mc_w.l(_sgetc.o)
    0x08006cd4   0x00000028   Code   RO         1150    .text               mc_w.l(ctype_c.o)
    0x08006cfc   0x00000018   Code   RO         1153    .text               mf_w.l(dfltul.o)
    0x08006d14   0x0000005e   Code   RO         1163    .text               mc_w.l(__dclz77c.o)
    0x08006d72   0x00000002   PAD
    0x08006d74   0x00000020   Code   RO         1039    i.__0printf         mc_w.l(printfa.o)
    0x08006d94   0x00000028   Code   RO         1041    i.__0sprintf        mc_w.l(printfa.o)
    0x08006dbc   0x0000000c   Code   RO         1115    i.__read_errno      mc_w.l(errno.o)
    0x08006dc8   0x0000000e   Code   RO         1157    i.__scatterload_copy  mc_w.l(handlers.o)
    0x08006dd6   0x00000002   Code   RO         1158    i.__scatterload_null  mc_w.l(handlers.o)
    0x08006dd8   0x0000000e   Code   RO         1159    i.__scatterload_zeroinit  mc_w.l(handlers.o)
    0x08006de6   0x00000002   PAD
    0x08006de8   0x0000000c   Code   RO         1116    i.__set_errno       mc_w.l(errno.o)
    0x08006df4   0x00000164   Code   RO         1046    i._fp_digits        mc_w.l(printfa.o)
    0x08006f58   0x0000000e   Code   RO         1146    i._is_digit         mc_w.l(scanf_fp.o)
    0x08006f66   0x00000002   PAD
    0x08006f68   0x000006dc   Code   RO         1047    i._printf_core      mc_w.l(printfa.o)
    0x08007644   0x00000024   Code   RO         1048    i._printf_post_padding  mc_w.l(printfa.o)
    0x08007668   0x0000002e   Code   RO         1049    i._printf_pre_padding  mc_w.l(printfa.o)
    0x08007696   0x0000000a   Code   RO         1051    i._sputc            mc_w.l(printfa.o)
    0x080076a0   0x0000002a   Code   RO          798    i.atof              m_ws.l(atof.o)
    0x080076ca   0x00000030   Data   RO          510    .constdata          bsp_timer.o
    0x080076fa   0x00000200   Data   RO          652    .constdata          modbuscrc.o
    0x080078fa   0x00000818   Data   RO          724    .constdata          oled.o
    0x08008112   0x00000002   PAD
    0x08008114   0x00000058   Data   RO          764    .constdata          processing.o
    0x0800816c   0x00000040   Data   RO         1151    .constdata          mc_w.l(ctype_c.o)
    0x080081ac   0x000000b0   Data   RO          545    .conststring        bsp_uart_fifo.o
    0x0800825c   0x00000050   Data   RO          765    .conststring        processing.o
    0x080082ac   0x00000020   Data   RO         1155    Region$$Table       anon$$obj.o


    Execution Region RW_IRAM1 (Base: 0x20000000, Size: 0x00003200, Max: 0x00005000, ABSOLUTE, COMPRESSED[0x0000019c])

    Base Addr    Size         Type   Attr      Idx    E Section Name        Object

    0x20000000   0x00000014   Data   RW           25    .data               system_stm32f10x.o
    0x20000014   0x00000014   Data   RW          306    .data               stm32f10x_rcc.o
    0x20000028   0x0000002a   Data   RW          405    .data               main.o
    0x20000052   0x00000002   PAD
    0x20000054   0x0000000d   Data   RW          511    .data               bsp_timer.o
    0x20000061   0x00000300   Data   RW          725    .data               oled.o
    0x20000361   0x00000003   PAD
    0x20000364   0x00000009   Data   RW          742    .data               remote.o
    0x2000036d   0x00000003   PAD
    0x20000370   0x0000001c   Data   RW          766    .data               processing.o
    0x2000038c   0x00000008   Data   RW          783    .data               bsp_i2c_ee.o
    0x20000394   0x00000004   Data   RW         1107    .data               mc_w.l(stdout.o)
    0x20000398   0x00000004   Data   RW         1117    .data               mc_w.l(errno.o)
    0x2000039c   0x000008a0   Zero   RW          404    .bss                main.o
    0x20000c3c   0x00000858   Zero   RW          509    .bss                bsp_timer.o
    0x20001494   0x00000828   Zero   RW          544    .bss                bsp_uart_fifo.o
    0x20001cbc   0x000008f8   Zero   RW          578    .bss                modbus.o
    0x200025b4   0x0000084c   Zero   RW          763    .bss                processing.o
    0x20002e00   0x00000400   Zero   RW            1    STACK               startup_stm32f10x_hd.o


==============================================================================

Image component sizes


      Code (inc. data)   RO Data    RW Data    ZI Data      Debug   Object Name

       788        204          0          0          0       1225   bsp.o
      1568        104          0          8          0       4012   bsp_i2c_ee.o
        70          0          0          0          0        818   bsp_iwdg.o
       392          8          0          0          0       1971   bsp_led.o
       836        112         48         13       2136      18982   bsp_timer.o
      1248         48          0          0          0       4128   bsp_tm7705.o
      1648        532        176          0       2088      20921   bsp_uart_fifo.o
         0          0          0          0          0       4272   core_cm3.o
       620         16          0          0          0       2242   ds18b20.o
       292         18          0         42       2208       4980   main.o
       220         22          0          0          0       1893   misc.o
       732         20          0          0       2296       4448   modbus.o
       304         12          0          0          0       1102   modbus_uart.o
        56          8        512          0          0       1466   modbuscrc.o
      1628         80       2072        768          0       6621   oled.o
      4924        690        168         28       2124       7737   processing.o
       692         28          0          9          0       1726   remote.o
        36          8        304          0       1024        888   startup_stm32f10x_hd.o
       860         38          0          0          0       5733   stm32f10x_gpio.o
      1028         16          0          0          0       9195   stm32f10x_i2c.o
        24          0          0          0          0       1154   stm32f10x_it.o
        64          6          0          0          0       1309   stm32f10x_iwdg.o
       932         36          0         20          0       8940   stm32f10x_rcc.o
      3610         88          0          0          0      22220   stm32f10x_tim.o
      1032         22          0          0          0       8460   stm32f10x_usart.o
       480         38          0         20          0     257223   system_stm32f10x.o
       224          4          0          0          0       1069   timer.o

    ----------------------------------------------------------------------
     24312       2158       3314        916      11876     404735   Object Totals
         0          0         32          0          0          0   (incl. Generated)
         4          0          2          8          0          0   (incl. Padding)

    ----------------------------------------------------------------------

      Code (inc. data)   RO Data    RW Data    ZI Data      Debug   Library Member Name

        42          0          0          0          0         84   atof.o
        94          0          0          0          0          0   __dclz77c.o
        64          0          0          0          0         84   _sgetc.o
        40          6         64          0          0         68   ctype_c.o
         0          0          0          0          0          0   entry.o
         0          0          0          0          0          0   entry10a.o
         0          0          0          0          0          0   entry11a.o
         8          4          0          0          0          0   entry2.o
         4          0          0          0          0          0   entry5.o
         0          0          0          0          0          0   entry7b.o
         0          0          0          0          0          0   entry8b.o
         8          4          0          0          0          0   entry9a.o
        24         12          0          4          0        136   errno.o
        30          0          0          0          0          0   handlers.o
        36          8          0          0          0         68   init.o
        10          0          0          0          0         68   isspace_c.o
         0          0          0          0          0          0   iusefp.o
        30          0          0          0          0         68   llshl.o
        36          0          0          0          0         68   llsshr.o
        32          0          0          0          0         68   llushr.o
      2276         96          0          0          0        596   printfa.o
       838         12          0          0          0        216   scanf_fp.o
         0          0          0          4          0          0   stdout.o
        14          0          0          0          0         68   strlen.o
       156         14          0          0          0        120   strtod.o
        44          0          0          0          0         80   uidiv.o
        98          0          0          0          0         92   uldiv.o
        40          2          0          0          0         68   cdrcmple.o
        20          0          0          0          0         68   cfcmple.o
        20          0          0          0          0         68   cfrcmple.o
        56          0          0          0          0         88   d2f.o
       334          0          0          0          0        148   dadd.o
       222          0          0          0          0        100   ddiv.o
       182          0          0          0          0        176   depilogue.o
        62          0          0          0          0         80   dfixi.o
        48          0          0          0          0         68   dfixul.o
        24          0          0          0          0         76   dfltul.o
       228          0          0          0          0         96   dmul.o
        38          0          0          0          0         68   f2d.o
       176          0          0          0          0        140   fadd.o
       124          0          0          0          0         88   fdiv.o
       110          0          0          0          0        168   fepilogue.o
        50          0          0          0          0         68   ffixi.o
        40          0          0          0          0         68   ffixui.o
        18          0          0          0          0         68   fflti.o
        10          0          0          0          0         68   ffltui.o
       100          0          0          0          0         76   fmul.o

    ----------------------------------------------------------------------
      5794        158         64          8          0       3732   Library Totals
         8          0          0          0          0          0   (incl. Padding)

    ----------------------------------------------------------------------

      Code (inc. data)   RO Data    RW Data    ZI Data      Debug   Library Name

        42          0          0          0          0         84   m_ws.l
      3842        156         64          8          0       1800   mc_w.l
      1902          2          0          0          0       1848   mf_w.l

    ----------------------------------------------------------------------
      5794        158         64          8          0       3732   Library Totals

    ----------------------------------------------------------------------

==============================================================================


      Code (inc. data)   RO Data    RW Data    ZI Data      Debug   

     30106       2316       3378        924      11876     404539   Grand Totals
     30106       2316       3378        412      11876     404539   ELF Image Totals (compressed)
     30106       2316       3378        412          0          0   ROM Totals

==============================================================================

    Total RO  Size (Code + RO Data)                33484 (  32.70kB)
    Total RW  Size (RW Data + ZI Data)             12800 (  12.50kB)
    Total ROM Size (Code + RO Data + RW Data)      33896 (  33.10kB)

==============================================================================

